Archive member included to satisfy reference by file (symbol)

D:/khawar/DWM1001_on_board_package_R2.0/dwm/examples/dwm-simple_ranges_allAnID_UPLOAD_jOURNAL/../../lib/libdwm.a(ble-server.o)
                              D:/khawar/DWM1001_on_board_package_R2.0/dwm/examples/dwm-simple_ranges_allAnID_UPLOAD_jOURNAL/../../lib/dwm.o (ble_add_shell_cmds)
D:/khawar/DWM1001_on_board_package_R2.0/dwm/examples/dwm-simple_ranges_allAnID_UPLOAD_jOURNAL/../../lib/libdwm.a(ble_srv_common.o)
                              D:/khawar/DWM1001_on_board_package_R2.0/dwm/examples/dwm-simple_ranges_allAnID_UPLOAD_jOURNAL/../../lib/libdwm.a(ble-server.o) (ble_srv_is_notification_enabled)
D:/khawar/DWM1001_on_board_package_R2.0/dwm/examples/dwm-simple_ranges_allAnID_UPLOAD_jOURNAL/../../lib/libdwm.a(dw1000.o)
                              D:/khawar/DWM1001_on_board_package_R2.0/dwm/examples/dwm-simple_ranges_allAnID_UPLOAD_jOURNAL/../../lib/libdwm.a(ble-server.o) (dw_rand)
D:/khawar/DWM1001_on_board_package_R2.0/dwm/examples/dwm-simple_ranges_allAnID_UPLOAD_jOURNAL/../../lib/libdwm.a(dwm-math.o)
                              D:/khawar/DWM1001_on_board_package_R2.0/dwm/examples/dwm-simple_ranges_allAnID_UPLOAD_jOURNAL/../../lib/libdwm.a(dw1000.o) (flog10)
D:/khawar/DWM1001_on_board_package_R2.0/dwm/examples/dwm-simple_ranges_allAnID_UPLOAD_jOURNAL/../../lib/libdwm.a(dwm.o)
                              D:/khawar/DWM1001_on_board_package_R2.0/dwm/examples/dwm-simple_ranges_allAnID_UPLOAD_jOURNAL/output/compiler/dwm-simple.o (dwm_systime_us_get)
D:/khawar/DWM1001_on_board_package_R2.0/dwm/examples/dwm-simple_ranges_allAnID_UPLOAD_jOURNAL/../../lib/libdwm.a(env-tlv.o)
                              D:/khawar/DWM1001_on_board_package_R2.0/dwm/examples/dwm-simple_ranges_allAnID_UPLOAD_jOURNAL/../../lib/dwm.o (env_load)
D:/khawar/DWM1001_on_board_package_R2.0/dwm/examples/dwm-simple_ranges_allAnID_UPLOAD_jOURNAL/../../lib/libdwm.a(fwup.o)
                              D:/khawar/DWM1001_on_board_package_R2.0/dwm/examples/dwm-simple_ranges_allAnID_UPLOAD_jOURNAL/../../lib/libdwm.a(ble-server.o) (fwup_rcvr_in_progress)
D:/khawar/DWM1001_on_board_package_R2.0/dwm/examples/dwm-simple_ranges_allAnID_UPLOAD_jOURNAL/../../lib/libdwm.a(hal.o)
                              D:/khawar/DWM1001_on_board_package_R2.0/dwm/examples/dwm-simple_ranges_allAnID_UPLOAD_jOURNAL/../../lib/libdwm.a(dwm.o) (hal_factory_reset)
D:/khawar/DWM1001_on_board_package_R2.0/dwm/examples/dwm-simple_ranges_allAnID_UPLOAD_jOURNAL/../../lib/libdwm.a(nrf_drv_rng.o)
                              D:/khawar/DWM1001_on_board_package_R2.0/dwm/examples/dwm-simple_ranges_allAnID_UPLOAD_jOURNAL/../../lib/libdwm.a(hal.o) (nrf_drv_rng_init)
D:/khawar/DWM1001_on_board_package_R2.0/dwm/examples/dwm-simple_ranges_allAnID_UPLOAD_jOURNAL/../../lib/libdwm.a(pm.o)
                              D:/khawar/DWM1001_on_board_package_R2.0/dwm/examples/dwm-simple_ranges_allAnID_UPLOAD_jOURNAL/../../lib/libdwm.a(ble-server.o) (pm_sched_signal)
D:/khawar/DWM1001_on_board_package_R2.0/dwm/examples/dwm-simple_ranges_allAnID_UPLOAD_jOURNAL/../../lib/libdwm.a(process-api.o)
                              D:/khawar/DWM1001_on_board_package_R2.0/dwm/examples/dwm-simple_ranges_allAnID_UPLOAD_jOURNAL/../../lib/dwm.o (api_thread_start)
D:/khawar/DWM1001_on_board_package_R2.0/dwm/examples/dwm-simple_ranges_allAnID_UPLOAD_jOURNAL/../../lib/libdwm.a(process-ble.o)
                              D:/khawar/DWM1001_on_board_package_R2.0/dwm/examples/dwm-simple_ranges_allAnID_UPLOAD_jOURNAL/../../lib/libdwm.a(ble-server.o) (ble_server_evt_put)
D:/khawar/DWM1001_on_board_package_R2.0/dwm/examples/dwm-simple_ranges_allAnID_UPLOAD_jOURNAL/../../lib/libdwm.a(process-le.o)
                              D:/khawar/DWM1001_on_board_package_R2.0/dwm/examples/dwm-simple_ranges_allAnID_UPLOAD_jOURNAL/../../lib/dwm.o (le_init)
D:/khawar/DWM1001_on_board_package_R2.0/dwm/examples/dwm-simple_ranges_allAnID_UPLOAD_jOURNAL/../../lib/libdwm.a(process-pm.o)
                              D:/khawar/DWM1001_on_board_package_R2.0/dwm/examples/dwm-simple_ranges_allAnID_UPLOAD_jOURNAL/../../lib/dwm.o (hal_pm_init)
D:/khawar/DWM1001_on_board_package_R2.0/dwm/examples/dwm-simple_ranges_allAnID_UPLOAD_jOURNAL/../../lib/libdwm.a(process-svc.o)
                              D:/khawar/DWM1001_on_board_package_R2.0/dwm/examples/dwm-simple_ranges_allAnID_UPLOAD_jOURNAL/../../lib/dwm.o (svc_init)
D:/khawar/DWM1001_on_board_package_R2.0/dwm/examples/dwm-simple_ranges_allAnID_UPLOAD_jOURNAL/../../lib/libdwm.a(process-uwbmac.o)
                              D:/khawar/DWM1001_on_board_package_R2.0/dwm/examples/dwm-simple_ranges_allAnID_UPLOAD_jOURNAL/../../lib/dwm.o (uwbmac_init)
D:/khawar/DWM1001_on_board_package_R2.0/dwm/examples/dwm-simple_ranges_allAnID_UPLOAD_jOURNAL/../../lib/libdwm.a(process-uwb.o)
[...]
Memory Configuration

Name             Origin             Length             Attributes
sram             0x200035e0         0x0000ba20
flash            0x00044000         0x0003c000
*default*        0x00000000         0xffffffff

Linker script and memory map

LOAD D:/khawar/DWM1001_on_board_package_R2.0/dwm/examples/dwm-simple_ranges_allAnID_UPLOAD_jOURNAL/../../lib\vectors.o
LOAD D:/khawar/DWM1001_on_board_package_R2.0/dwm/examples/dwm-simple_ranges_allAnID_UPLOAD_jOURNAL/output/compiler/dwm-simple.o
LOAD D:/khawar/DWM1001_on_board_package_R2.0/dwm/examples/dwm-simple_ranges_allAnID_UPLOAD_jOURNAL/../../lib/dwm.o
LOAD D:/khawar/DWM1001_on_board_package_R2.0/dwm/examples/dwm-simple_ranges_allAnID_UPLOAD_jOURNAL/../../lib/libdwm.a
LOAD c:/program files (x86)/gnu arm embedded toolchain/9 2020-q2-update/bin/../lib/gcc/arm-none-eabi/9.3.1/../../../../arm-none-eabi/lib/thumb/v7e-m+fp/hard\libm.a
LOAD c:/program files (x86)/gnu arm embedded toolchain/9 2020-q2-update/bin/../lib/gcc/arm-none-eabi/9.3.1/thumb/v7e-m+fp/hard\libgcc.a
LOAD c:/program files (x86)/gnu arm embedded toolchain/9 2020-q2-update/bin/../lib/gcc/arm-none-eabi/9.3.1/../../../../arm-none-eabi/lib/thumb/v7e-m+fp/hard\libc.a
LOAD c:/program files (x86)/gnu arm embedded toolchain/9 2020-q2-update/bin/../lib/gcc/arm-none-eabi/9.3.1/../../../../arm-none-eabi/lib/thumb/v7e-m+fp/hard\libnosys.a
LOAD D:/khawar/DWM1001_on_board_package_R2.0/dwm/examples/dwm-simple_ranges_allAnID_UPLOAD_jOURNAL/../../lib\extras.o
START GROUP
LOAD D:/khawar/DWM1001_on_board_package_R2.0/dwm/examples/dwm-simple_ranges_allAnID_UPLOAD_jOURNAL/../../lib\libtarget.a
LOAD c:/program files (x86)/gnu arm embedded toolchain/9 2020-q2-update/bin/../lib/gcc/arm-none-eabi/9.3.1/thumb/v7e-m+fp/hard\libgcc.a
LOAD c:/program files (x86)/gnu arm embedded toolchain/9 2020-q2-update/bin/../lib/gcc/arm-none-eabi/9.3.1/../../../../arm-none-eabi/lib/thumb/v7e-m+fp/hard\libsupc++.a
END GROUP

.debug_aranges  0x00000000       0x30
 *(.debug_aranges)
 .debug_aranges
                0x00000000       0x30 D:/khawar/DWM1001_on_board_package_R2.0/dwm/examples/dwm-simple_ranges_allAnID_UPLOAD_jOURNAL/output/compiler/dwm-simple.o

.debug_pubnames
 *(.debug_pubnames)

.debug_info     0x00000000      0xf78
 *(.debug_info)
 .debug_info    0x00000000      0xf78 D:/khawar/DWM1001_on_board_package_R2.0/dwm/examples/dwm-simple_ranges_allAnID_UPLOAD_jOURNAL/output/compiler/dwm-simple.o

.debug_abbrev   0x00000000      0x27a
 *(.debug_abbrev)
 .debug_abbrev  0x00000000      0x27a D:/khawar/DWM1001_on_board_package_R2.0/dwm/examples/dwm-simple_ranges_allAnID_UPLOAD_jOURNAL/output/compiler/dwm-simple.o

.debug_line     0x00000000      0x330
 *(.debug_line)
 .debug_line    0x00000000      0x330 D:/khawar/DWM1001_on_board_package_R2.0/dwm/examples/dwm-simple_ranges_allAnID_UPLOAD_jOURNAL/output/compiler/dwm-simple.o

.debug_frame    0x00000000     0x1ed0
 *(.debug_frame)
 .debug_frame   0x00000000       0x80 D:/khawar/DWM1001_on_board_package_R2.0/dwm/examples/dwm-simple_ranges_allAnID_UPLOAD_jOURNAL/output/compiler/dwm-simple.o
 .debug_frame   0x00000080       0x30 c:/program files (x86)/gnu arm embedded toolchain/9 2020-q2-update/bin/../lib/gcc/arm-none-eabi/9.3.1/../../../../arm-none-eabi/lib/thumb/v7e-m+fp/hard\libm.a(lib_a-s_ceil.o)
 .debug_frame   0x000000b0       0x30 c:/program files (x86)/gnu arm embedded toolchain/9 2020-q2-update/bin/../lib/gcc/arm-none-eabi/9.3.1/../../../../arm-none-eabi/lib/thumb/v7e-m+fp/hard\libm.a(lib_a-s_floor.o)
 .debug_frame   0x000000e0       0x48 c:/program files (x86)/gnu arm embedded toolchain/9 2020-q2-update/bin/../lib/gcc/arm-none-eabi/9.3.1/../../../../arm-none-eabi/lib/thumb/v7e-m+fp/hard\libm.a(lib_a-w_sqrt.o)
 .debug_frame   0x00000128       0x30 c:/program files (x86)/gnu arm embedded toolchain/9 2020-q2-update/bin/../lib/gcc/arm-none-eabi/9.3.1/../../../../arm-none-eabi/lib/thumb/v7e-m+fp/hard\libm.a(lib_a-e_sqrt.o)
 .debug_frame   0x00000158       0xac c:/program files (x86)/gnu arm embedded toolchain/9 2020-q2-update/bin/../lib/gcc/arm-none-eabi/9.3.1/thumb/v7e-m+fp/hard\libgcc.a(_arm_addsubdf3.o)
 .debug_frame   0x00000204       0x50 c:/program files (x86)/gnu arm embedded toolchain/9 2020-q2-update/bin/../lib/gcc/arm-none-eabi/9.3.1/thumb/v7e-m+fp/hard\libgcc.a(_arm_muldivdf3.o)
 .debug_frame   0x00000254       0xc4 c:/program files (x86)/gnu arm embedded toolchain/9 2020-q2-update/bin/../lib/gcc/arm-none-eabi/9.3.1/thumb/v7e-m+fp/hard\libgcc.a(_arm_cmpdf2.o)
 .debug_frame   0x00000318       0x20 c:/program files (x86)/gnu arm embedded toolchain/9 2020-q2-update/bin/../lib/gcc/arm-none-eabi/9.3.1/thumb/v7e-m+fp/hard\libgcc.a(_arm_unorddf2.o)
 .debug_frame   0x00000338       0x24 c:/program files (x86)/gnu arm embedded toolchain/9 2020-q2-update/bin/../lib/gcc/arm-none-eabi/9.3.1/thumb/v7e-m+fp/hard\libgcc.a(_arm_fixdfsi.o)
 .debug_frame   0x0000035c       0x24 c:/program files (x86)/gnu arm embedded toolchain/9 2020-q2-update/bin/../lib/gcc/arm-none-eabi/9.3.1/thumb/v7e-m+fp/hard\libgcc.a(_arm_fixunsdfsi.o)
 .debug_frame   0x00000380       0x24 c:/program files (x86)/gnu arm embedded toolchain/9 2020-q2-update/bin/../lib/gcc/arm-none-eabi/9.3.1/thumb/v7e-m+fp/hard\libgcc.a(_arm_truncdfsf2.o)
 .debug_frame   0x000003a4       0x4c c:/program files (x86)/gnu arm embedded toolchain/9 2020-q2-update/bin/../lib/gcc/arm-none-eabi/9.3.1/thumb/v7e-m+fp/hard\libgcc.a(_arm_addsubsf3.o)
 .debug_frame   0x000003f0       0x44 c:/program files (x86)/gnu arm embedded toolchain/9 2020-q2-update/bin/../lib/gcc/arm-none-eabi/9.3.1/thumb/v7e-m+fp/hard\libgcc.a(_aeabi_ldivmod.o)
 .debug_frame   0x00000434       0x2c c:/program files (x86)/gnu arm embedded toolchain/9 2020-q2-update/bin/../lib/gcc/arm-none-eabi/9.3.1/thumb/v7e-m+fp/hard\libgcc.a(_aeabi_uldivmod.o)
 .debug_frame   0x00000460       0x2c c:/program files (x86)/gnu arm embedded toolchain/9 2020-q2-update/bin/../lib/gcc/arm-none-eabi/9.3.1/thumb/v7e-m+fp/hard\libgcc.a(_fixunssfdi.o)
 .debug_frame   0x0000048c       0x2c c:/program files (x86)/gnu arm embedded toolchain/9 2020-q2-update/bin/../lib/gcc/arm-none-eabi/9.3.1/thumb/v7e-m+fp/hard\libgcc.a(_fixunsdfdi.o)
 .debug_frame   0x000004b8       0x34 c:/program files (x86)/gnu arm embedded toolchain/9 2020-q2-update/bin/../lib/gcc/arm-none-eabi/9.3.1/thumb/v7e-m+fp/hard\libgcc.a(_udivmoddi4.o)
 .debug_frame   0x000004ec       0x30 c:/program files (x86)/gnu arm embedded toolchain/9 2020-q2-update/bin/../lib/gcc/arm-none-eabi/9.3.1/../../../../arm-none-eabi/lib/thumb/v7e-m+fp/hard\libc.a(lib_a-atoi.o)
 .debug_frame   0x0000051c       0x20 c:/program files (x86)/gnu arm embedded toolchain/9 2020-q2-update/bin/../lib/gcc/arm-none-eabi/9.3.1/../../../../arm-none-eabi/lib/thumb/v7e-m+fp/hard\libc.a(lib_a-calloc.o)
 .debug_frame   0x0000053c       0x28 c:/program files (x86)/gnu arm embedded toolchain/9 2020-q2-update/bin/../lib/gcc/arm-none-eabi/9.3.1/../../../../arm-none-eabi/lib/thumb/v7e-m+fp/hard\libc.a(lib_a-callocr.o)
 .debug_frame   0x00000564       0x20 c:/program files (x86)/gnu arm embedded toolchain/9 2020-q2-update/bin/../lib/gcc/arm-none-eabi/9.3.1/../../../../arm-none-eabi/lib/thumb/v7e-m+fp/hard\libc.a(lib_a-errno.o)
 .debug_frame   0x00000584       0x5c c:/program files (x86)/gnu arm embedded toolchain/9 2020-q2-update/bin/../lib/gcc/arm-none-eabi/9.3.1/../../../../arm-none-eabi/lib/thumb/v7e-m+fp/hard\libc.a(lib_a-fflush.o)
 .debug_frame   0x000005e0      0x14c c:/program files (x86)/gnu arm embedded toolchain/9 2020-q2-update/bin/../lib/gcc/arm-none-eabi/9.3.1/../../../../arm-none-eabi/lib/thumb/v7e-m+fp/hard\libc.a(lib_a-findfp.o)
 .debug_frame   0x0000072c       0x8c c:/program files (x86)/gnu arm embedded toolchain/9 2020-q2-update/bin/../lib/gcc/arm-none-eabi/9.3.1/../../../../arm-none-eabi/lib/thumb/v7e-m+fp/hard\libc.a(lib_a-freer.o)
 .debug_frame   0x000007b8       0x54 c:/program files (x86)/gnu arm embedded toolchain/9 2020-q2-update/bin/../lib/gcc/arm-none-eabi/9.3.1/../../../../arm-none-eabi/lib/thumb/v7e-m+fp/hard\libc.a(lib_a-fwalk.o)
 .debug_frame   0x0000080c       0xb0 c:/program files (x86)/gnu arm embedded toolchain/9 2020-q2-update/bin/../lib/gcc/arm-none-eabi/9.3.1/../../../../arm-none-eabi/lib/thumb/v7e-m+fp/hard\libc.a(lib_a-lock.o)
 .debug_frame   0x000008bc       0x30 c:/program files (x86)/gnu arm embedded toolchain/9 2020-q2-update/bin/../lib/gcc/arm-none-eabi/9.3.1/../../../../arm-none-eabi/lib/thumb/v7e-m+fp/hard\libc.a(lib_a-malloc.o)
 .debug_frame   0x000008ec       0x4c c:/program files (x86)/gnu arm embedded toolchain/9 2020-q2-update/bin/../lib/gcc/arm-none-eabi/9.3.1/../../../../arm-none-eabi/lib/thumb/v7e-m+fp/hard\libc.a(lib_a-mallocr.o)
 .debug_frame   0x00000938       0x3c c:/program files (x86)/gnu arm embedded toolchain/9 2020-q2-update/bin/../lib/gcc/arm-none-eabi/9.3.1/../../../../arm-none-eabi/lib/thumb/v7e-m+fp/hard\libc.a(lib_a-memcmp.o)
 .debug_frame   0x00000974       0x38 c:/program files (x86)/gnu arm embedded toolchain/9 2020-q2-update/bin/../lib/gcc/arm-none-eabi/9.3.1/../../../../arm-none-eabi/lib/thumb/v7e-m+fp/hard\libc.a(lib_a-memset.o)
 .debug_frame   0x000009ac       0x30 c:/program files (x86)/gnu arm embedded toolchain/9 2020-q2-update/bin/../lib/gcc/arm-none-eabi/9.3.1/../../../../arm-none-eabi/lib/thumb/v7e-m+fp/hard\libc.a(lib_a-mlock.o)
 .debug_frame   0x000009dc       0x80 c:/program files (x86)/gnu arm embedded toolchain/9 2020-q2-update/bin/../lib/gcc/arm-none-eabi/9.3.1/../../../../arm-none-eabi/lib/thumb/v7e-m+fp/hard\libc.a(lib_a-mstats.o)
 .debug_frame   0x00000a5c       0x74 c:/program files (x86)/gnu arm embedded toolchain/9 2020-q2-update/bin/../lib/gcc/arm-none-eabi/9.3.1/../../../../arm-none-eabi/lib/thumb/v7e-m+fp/hard\libc.a(lib_a-printf.o)
 .debug_frame   0x00000ad0       0x30 c:/program files (x86)/gnu arm embedded toolchain/9 2020-q2-update/bin/../lib/gcc/arm-none-eabi/9.3.1/../../../../arm-none-eabi/lib/thumb/v7e-m+fp/hard\libc.a(lib_a-putchar.o)
 .debug_frame   0x00000b00       0x4c c:/program files (x86)/gnu arm embedded toolchain/9 2020-q2-update/bin/../lib/gcc/arm-none-eabi/9.3.1/../../../../arm-none-eabi/lib/thumb/v7e-m+fp/hard\libc.a(lib_a-puts.o)
 .debug_frame   0x00000b4c       0x2c c:/program files (x86)/gnu arm embedded toolchain/9 2020-q2-update/bin/../lib/gcc/arm-none-eabi/9.3.1/../../../../arm-none-eabi/lib/thumb/v7e-m+fp/hard\libc.a(lib_a-sbrkr.o)
 .debug_frame   0x00000b78       0x9c c:/program files (x86)/gnu arm embedded toolchain/9 2020-q2-update/bin/../lib/gcc/arm-none-eabi/9.3.1/../../../../arm-none-eabi/lib/thumb/v7e-m+fp/hard\libc.a(lib_a-snprintf.o)
 .debug_frame   0x00000c14       0x7c c:/program files (x86)/gnu arm embedded toolchain/9 2020-q2-update/bin/../lib/gcc/arm-none-eabi/9.3.1/../../../../arm-none-eabi/lib/thumb/v7e-m+fp/hard\libc.a(lib_a-sprintf.o)
 .debug_frame   0x00000c90       0x8c c:/program files (x86)/gnu arm embedded toolchain/9 2020-q2-update/bin/../lib/gcc/arm-none-eabi/9.3.1/../../../../arm-none-eabi/lib/thumb/v7e-m+fp/hard\libc.a(lib_a-stdio.o)
 .debug_frame   0x00000d1c       0x68 c:/program files (x86)/gnu arm embedded toolchain/9 2020-q2-update/bin/../lib/gcc/arm-none-eabi/9.3.1/../../../../arm-none-eabi/lib/thumb/v7e-m+fp/hard\libc.a(lib_a-strcmp.o)
 .debug_frame   0x00000d84       0x58 c:/program files (x86)/gnu arm embedded toolchain/9 2020-q2-update/bin/../lib/gcc/arm-none-eabi/9.3.1/../../../../arm-none-eabi/lib/thumb/v7e-m+fp/hard\libc.a(lib_a-strncmp.o)
 .debug_frame   0x00000ddc       0x30 c:/program files (x86)/gnu arm embedded toolchain/9 2020-q2-update/bin/../lib/gcc/arm-none-eabi/9.3.1/../../../../arm-none-eabi/lib/thumb/v7e-m+fp/hard\libc.a(lib_a-strnlen.o)
 .debug_frame   0x00000e0c       0x20 c:/program files (x86)/gnu arm embedded toolchain/9 2020-q2-update/bin/../lib/gcc/arm-none-eabi/9.3.1/../../../../arm-none-eabi/lib/thumb/v7e-m+fp/hard\libc.a(lib_a-strtok.o)
 .debug_frame   0x00000e2c       0x5c c:/program files (x86)/gnu arm embedded toolchain/9 2020-q2-update/bin/../lib/gcc/arm-none-eabi/9.3.1/../../../../arm-none-eabi/lib/thumb/v7e-m+fp/hard\libc.a(lib_a-strtok_r.o)
 .debug_frame   0x00000e88       0x80 c:/program files (x86)/gnu arm embedded toolchain/9 2020-q2-update/bin/../lib/gcc/arm-none-eabi/9.3.1/../../../../arm-none-eabi/lib/thumb/v7e-m+fp/hard\libc.a(lib_a-strtol.o)
 .debug_frame   0x00000f08       0x7c c:/program files (x86)/gnu arm embedded toolchain/9 2020-q2-update/bin/../lib/gcc/arm-none-eabi/9.3.1/../../../../arm-none-eabi/lib/thumb/v7e-m+fp/hard\libc.a(lib_a-strtoul.o)
 .debug_frame   0x00000f84       0x68 c:/program files (x86)/gnu arm embedded toolchain/9 2020-q2-update/bin/../lib/gcc/arm-none-eabi/9.3.1/../../../../arm-none-eabi/lib/thumb/v7e-m+fp/hard\libc.a(lib_a-svfprintf.o)
 .debug_frame   0x00000fec       0xbc c:/program files (x86)/gnu arm embedded toolchain/9 2020-q2-update/bin/../lib/gcc/arm-none-eabi/9.3.1/../../../../arm-none-eabi/lib/thumb/v7e-m+fp/hard\libc.a(lib_a-vfprintf.o)
 .debug_frame   0x000010a8       0x2c c:/program files (x86)/gnu arm embedded toolchain/9 2020-q2-update/bin/../lib/gcc/arm-none-eabi/9.3.1/../../../../arm-none-eabi/lib/thumb/v7e-m+fp/hard\libc.a(lib_a-writer.o)
 .debug_frame   0x000010d4       0x2c c:/program files (x86)/gnu arm embedded toolchain/9 2020-q2-update/bin/../lib/gcc/arm-none-eabi/9.3.1/../../../../arm-none-eabi/lib/thumb/v7e-m+fp/hard\libc.a(lib_a-wsetup.o)
 .debug_frame   0x00001100       0x2c c:/program files (x86)/gnu arm embedded toolchain/9 2020-q2-update/bin/../lib/gcc/arm-none-eabi/9.3.1/../../../../arm-none-eabi/lib/thumb/v7e-m+fp/hard\libc.a(lib_a-closer.o)
 .debug_frame   0x0000112c       0xc4 c:/program files (x86)/gnu arm embedded toolchain/9 2020-q2-update/bin/../lib/gcc/arm-none-eabi/9.3.1/../../../../arm-none-eabi/lib/thumb/v7e-m+fp/hard\libc.a(lib_a-dtoa.o)
 .debug_frame   0x000011f0       0x3c c:/program files (x86)/gnu arm embedded toolchain/9 2020-q2-update/bin/../lib/gcc/arm-none-eabi/9.3.1/../../../../arm-none-eabi/lib/thumb/v7e-m+fp/hard\libc.a(lib_a-fclose.o)
 .debug_frame   0x0000122c       0x70 c:/program files (x86)/gnu arm embedded toolchain/9 2020-q2-update/bin/../lib/gcc/arm-none-eabi/9.3.1/../../../../arm-none-eabi/lib/thumb/v7e-m+fp/hard\libc.a(lib_a-fiprintf.o)
 .debug_frame   0x0000129c       0x64 c:/program files (x86)/gnu arm embedded toolchain/9 2020-q2-update/bin/../lib/gcc/arm-none-eabi/9.3.1/../../../../arm-none-eabi/lib/thumb/v7e-m+fp/hard\libc.a(lib_a-fvwrite.o)
 .debug_frame   0x00001300       0x40 c:/program files (x86)/gnu arm embedded toolchain/9 2020-q2-update/bin/../lib/gcc/arm-none-eabi/9.3.1/../../../../arm-none-eabi/lib/thumb/v7e-m+fp/hard\libc.a(lib_a-localeconv.o)
 .debug_frame   0x00001340       0x2c c:/program files (x86)/gnu arm embedded toolchain/9 2020-q2-update/bin/../lib/gcc/arm-none-eabi/9.3.1/../../../../arm-none-eabi/lib/thumb/v7e-m+fp/hard\libc.a(lib_a-lseekr.o)
 .debug_frame   0x0000136c       0x6c c:/program files (x86)/gnu arm embedded toolchain/9 2020-q2-update/bin/../lib/gcc/arm-none-eabi/9.3.1/../../../../arm-none-eabi/lib/thumb/v7e-m+fp/hard\libc.a(lib_a-makebuf.o)
 .debug_frame   0x000013d8       0x50 c:/program files (x86)/gnu arm embedded toolchain/9 2020-q2-update/bin/../lib/gcc/arm-none-eabi/9.3.1/../../../../arm-none-eabi/lib/thumb/v7e-m+fp/hard\libc.a(lib_a-mallinfor.o)
 .debug_frame   0x00001428       0x40 c:/program files (x86)/gnu arm embedded toolchain/9 2020-q2-update/bin/../lib/gcc/arm-none-eabi/9.3.1/../../../../arm-none-eabi/lib/thumb/v7e-m+fp/hard\libc.a(lib_a-memmove.o)
 .debug_frame   0x00001468      0x27c c:/program files (x86)/gnu arm embedded toolchain/9 2020-q2-update/bin/../lib/gcc/arm-none-eabi/9.3.1/../../../../arm-none-eabi/lib/thumb/v7e-m+fp/hard\libc.a(lib_a-mprec.o)
 .debug_frame   0x000016e4       0x48 c:/program files (x86)/gnu arm embedded toolchain/9 2020-q2-update/bin/../lib/gcc/arm-none-eabi/9.3.1/../../../../arm-none-eabi/lib/thumb/v7e-m+fp/hard\libc.a(lib_a-putc.o)
 .debug_frame   0x0000172c       0x2c c:/program files (x86)/gnu arm embedded toolchain/9 2020-q2-update/bin/../lib/gcc/arm-none-eabi/9.3.1/../../../../arm-none-eabi/lib/thumb/v7e-m+fp/hard\libc.a(lib_a-readr.o)
 .debug_frame   0x00001758       0x48 c:/program files (x86)/gnu arm embedded toolchain/9 2020-q2-update/bin/../lib/gcc/arm-none-eabi/9.3.1/../../../../arm-none-eabi/lib/thumb/v7e-m+fp/hard\libc.a(lib_a-reallocr.o)
 .debug_frame   0x000017a0       0x60 c:/program files (x86)/gnu arm embedded toolchain/9 2020-q2-update/bin/../lib/gcc/arm-none-eabi/9.3.1/../../../../arm-none-eabi/lib/thumb/v7e-m+fp/hard\libc.a(lib_a-reent.o)
 .debug_frame   0x00001800       0x2c c:/program files (x86)/gnu arm embedded toolchain/9 2020-q2-update/bin/../lib/gcc/arm-none-eabi/9.3.1/../../../../arm-none-eabi/lib/thumb/v7e-m+fp/hard\libc.a(lib_a-s_frexp.o)
 .debug_frame   0x0000182c       0x38 c:/program files (x86)/gnu arm embedded toolchain/9 2020-q2-update/bin/../lib/gcc/arm-none-eabi/9.3.1/../../../../arm-none-eabi/lib/thumb/v7e-m+fp/hard\libc.a(lib_a-strncpy.o)
 .debug_frame   0x00001864       0x88 c:/program files (x86)/gnu arm embedded toolchain/9 2020-q2-update/bin/../lib/gcc/arm-none-eabi/9.3.1/../../../../arm-none-eabi/lib/thumb/v7e-m+fp/hard\libc.a(lib_a-svfiprintf.o)
 .debug_frame   0x000018ec       0xe8 c:/program files (x86)/gnu arm embedded toolchain/9 2020-q2-update/bin/../lib/gcc/arm-none-eabi/9.3.1/../../../../arm-none-eabi/lib/thumb/v7e-m+fp/hard\libc.a(lib_a-vfiprintf.o)
 .debug_frame   0x000019d4       0x40 c:/program files (x86)/gnu arm embedded toolchain/9 2020-q2-update/bin/../lib/gcc/arm-none-eabi/9.3.1/../../../../arm-none-eabi/lib/thumb/v7e-m+fp/hard\libc.a(lib_a-wbuf.o)
 .debug_frame   0x00001a14       0x40 c:/program files (x86)/gnu arm embedded toolchain/9 2020-q2-update/bin/../lib/gcc/arm-none-eabi/9.3.1/../../../../arm-none-eabi/lib/thumb/v7e-m+fp/hard\libc.a(lib_a-assert.o)
 .debug_frame   0x00001a54       0xa4 c:/program files (x86)/gnu arm embedded toolchain/9 2020-q2-update/bin/../lib/gcc/arm-none-eabi/9.3.1/../../../../arm-none-eabi/lib/thumb/v7e-m+fp/hard\libc.a(lib_a-fputwc.o)
 .debug_frame   0x00001af8       0x2c c:/program files (x86)/gnu arm embedded toolchain/9 2020-q2-update/bin/../lib/gcc/arm-none-eabi/9.3.1/../../../../arm-none-eabi/lib/thumb/v7e-m+fp/hard\libc.a(lib_a-fstatr.o)
 .debug_frame   0x00001b24       0x2c c:/program files (x86)/gnu arm embedded toolchain/9 2020-q2-update/bin/../lib/gcc/arm-none-eabi/9.3.1/../../../../arm-none-eabi/lib/thumb/v7e-m+fp/hard\libc.a(lib_a-isattyr.o)
 .debug_frame   0x00001b50       0x54 c:/program files (x86)/gnu arm embedded toolchain/9 2020-q2-update/bin/../lib/gcc/arm-none-eabi/9.3.1/../../../../arm-none-eabi/lib/thumb/v7e-m+fp/hard\libc.a(lib_a-locale.o)
 .debug_frame   0x00001ba4       0x4c c:/program files (x86)/gnu arm embedded toolchain/9 2020-q2-update/bin/../lib/gcc/arm-none-eabi/9.3.1/../../../../arm-none-eabi/lib/thumb/v7e-m+fp/hard\libc.a(lib_a-mbtowc_r.o)
 .debug_frame   0x00001bf0       0x60 c:/program files (x86)/gnu arm embedded toolchain/9 2020-q2-update/bin/../lib/gcc/arm-none-eabi/9.3.1/../../../../arm-none-eabi/lib/thumb/v7e-m+fp/hard\libc.a(lib_a-wcrtomb.o)
 .debug_frame   0x00001c50       0x3c c:/program files (x86)/gnu arm embedded toolchain/9 2020-q2-update/bin/../lib/gcc/arm-none-eabi/9.3.1/../../../../arm-none-eabi/lib/thumb/v7e-m+fp/hard\libc.a(lib_a-wctomb_r.o)
 .debug_frame   0x00001c8c       0x28 c:/program files (x86)/gnu arm embedded toolchain/9 2020-q2-update/bin/../lib/gcc/arm-none-eabi/9.3.1/../../../../arm-none-eabi/lib/thumb/v7e-m+fp/hard\libc.a(lib_a-abort.o)
 .debug_frame   0x00001cb4       0xe0 c:/program files (x86)/gnu arm embedded toolchain/9 2020-q2-update/bin/../lib/gcc/arm-none-eabi/9.3.1/../../../../arm-none-eabi/lib/thumb/v7e-m+fp/hard\libc.a(lib_a-signal.o)
 .debug_frame   0x00001d94       0x3c c:/program files (x86)/gnu arm embedded toolchain/9 2020-q2-update/bin/../lib/gcc/arm-none-eabi/9.3.1/../../../../arm-none-eabi/lib/thumb/v7e-m+fp/hard\libc.a(lib_a-signalr.o)
 .debug_frame   0x00001dd0       0x20 c:/program files (x86)/gnu arm embedded toolchain/9 2020-q2-update/bin/../lib/gcc/arm-none-eabi/9.3.1/../../../../arm-none-eabi/lib/thumb/v7e-m+fp/hard\libnosys.a(close.o)
 .debug_frame   0x00001df0       0x20 c:/program files (x86)/gnu arm embedded toolchain/9 2020-q2-update/bin/../lib/gcc/arm-none-eabi/9.3.1/../../../../arm-none-eabi/lib/thumb/v7e-m+fp/hard\libnosys.a(fstat.o)
 .debug_frame   0x00001e10       0x20 c:/program files (x86)/gnu arm embedded toolchain/9 2020-q2-update/bin/../lib/gcc/arm-none-eabi/9.3.1/../../../../arm-none-eabi/lib/thumb/v7e-m+fp/hard\libnosys.a(getpid.o)
 .debug_frame   0x00001e30       0x20 c:/program files (x86)/gnu arm embedded toolchain/9 2020-q2-update/bin/../lib/gcc/arm-none-eabi/9.3.1/../../../../arm-none-eabi/lib/thumb/v7e-m+fp/hard\libnosys.a(isatty.o)
 .debug_frame   0x00001e50       0x20 c:/program files (x86)/gnu arm embedded toolchain/9 2020-q2-update/bin/../lib/gcc/arm-none-eabi/9.3.1/../../../../arm-none-eabi/lib/thumb/v7e-m+fp/hard\libnosys.a(kill.o)
 .debug_frame   0x00001e70       0x20 c:/program files (x86)/gnu arm embedded toolchain/9 2020-q2-update/bin/../lib/gcc/arm-none-eabi/9.3.1/../../../../arm-none-eabi/lib/thumb/v7e-m+fp/hard\libnosys.a(lseek.o)
 .debug_frame   0x00001e90       0x20 c:/program files (x86)/gnu arm embedded toolchain/9 2020-q2-update/bin/../lib/gcc/arm-none-eabi/9.3.1/../../../../arm-none-eabi/lib/thumb/v7e-m+fp/hard\libnosys.a(_exit.o)
 .debug_frame   0x00001eb0       0x20 c:/program files (x86)/gnu arm embedded toolchain/9 2020-q2-update/bin/../lib/gcc/arm-none-eabi/9.3.1/../../../../arm-none-eabi/lib/thumb/v7e-m+fp/hard\libsupc++.a(atexit_arm.o)

.debug_str      0x00000000      0x8f1
 *(.debug_str)
 .debug_str     0x00000000      0x8f1 D:/khawar/DWM1001_on_board_package_R2.0/dwm/examples/dwm-simple_ranges_allAnID_UPLOAD_jOURNAL/output/compiler/dwm-simple.o
                                0x989 (size before relaxing)

.debug_loc
 *(.debug_loc)

.debug_macinfo
 *(.debug_macinfo)

.note.arm.ident
 *(.note.arm.ident)

/DISCARD/
 *(.fini_array*)

.rom_vectors    0x00044000        0x8
                0x00044000                __rom_vectors_vma = ABSOLUTE (.)
                0x00044000                . = .
 *(.vectors)
 .vectors       0x00044000        0x8 D:/khawar/DWM1001_on_board_package_R2.0/dwm/examples/dwm-simple_ranges_allAnID_UPLOAD_jOURNAL/../../lib\vectors.o
                0x00044000                __rom_vectors_lma = LOADADDR (.rom_vectors)

.rel.text
 *(.rel.text)
 *(.rel.text.*)
 *(.rel.gnu.linkonce.t*)

.rela.text
 *(.rela.text)
 *(.rela.text.*)
 *(.rela.gnu.linkonce.t*)

.rel.data
 *(.rel.data)
 *(.rel.data.*)
 *(.rel.gnu.linkonce.d*)

.rela.data
 *(.rela.data)
 *(.rela.data.*)
 *(.rela.gnu.linkonce.d*)

.rel.rodata
 *(.rel.rodata)
 *(.rel.rodata.*)
 *(.rel.gnu.linkonce.r*)

.rela.rodata
 *(.rela.rodata)
 *(.rela.rodata.*)
 *(.rela.gnu.linkonce.r*)

.rel.got
 *(.rel.got)

.rela.got
 *(.rela.got)

.rel.ctors
 *(.rel.ctors)

.rela.ctors
 *(.rela.ctors)

.rel.dtors
 *(.rel.dtors)

.rela.dtors
 *(.rela.dtors)

.rel.init
 *(.rel.init)

.rela.init
 *(.rela.init)

.rel.fini
 *(.rel.fini)

.rela.fini
 *(.rela.fini)

.rel.bss
 *(.rel.bss)

.rela.bss
 *(.rela.bss)

.rel.plt
 *(.rel.plt)

.rela.plt
 *(.rela.plt)

.rel.dyn        0x00044008        0x0
 *(.rel.dyn)
 .rel.iplt      0x00044008        0x0 D:/khawar/DWM1001_on_board_package_R2.0/dwm/examples/dwm-simple_ranges_allAnID_UPLOAD_jOURNAL/../../lib\vectors.o

.ARM.extab      0x00044008        0x0
                [!provide]                PROVIDE (__stext = ABSOLUTE (.))
                0x00044008                _stext = ABSOLUTE (.)
                0x00044008                . = .
 *(.ARM.extab* .gnu.linkonce.armextab.*)
                0x00044008                . = ALIGN (0x8)
                0x00044008                __exidx_start = ABSOLUTE (.)

.ARM.exidx      0x00044008        0x8
 *(.ARM.exidx* .gnu.linkonce.armexidx.*)
 .ARM.exidx     0x00044008        0x8 c:/program files (x86)/gnu arm embedded toolchain/9 2020-q2-update/bin/../lib/gcc/arm-none-eabi/9.3.1/thumb/v7e-m+fp/hard\libgcc.a(_udivmoddi4.o)
 .ARM.exidx.text.__aeabi_atexit
                0x00044010        0x0 c:/program files (x86)/gnu arm embedded toolchain/9 2020-q2-update/bin/../lib/gcc/arm-none-eabi/9.3.1/../../../../arm-none-eabi/lib/thumb/v7e-m+fp/hard\libsupc++.a(atexit_arm.o)
                                  0x8 (size before relaxing)
                0x00044010                . = .
                0x00044010                __exidx_end = ABSOLUTE (.)

.text           0x00044010    0x2e990
 *(.text*)
 .text          0x00044010       0xec D:/khawar/DWM1001_on_board_package_R2.0/dwm/examples/dwm-simple_ranges_allAnID_UPLOAD_jOURNAL/../../lib\vectors.o
                0x00044010                reset_vector
                0x0004401c                hal_switch_state_vsr
                0x0004403c                hal_default_exception_vsr
                0x0004406e                hal_default_interrupt_vsr
                0x00044082                hal_pendable_svc_vsr
                0x000440a8                hal_interrupt_end_done
                0x000440ac                hal_interrupt_end_vsr
                0x000440ba                hal_call_dsrs_vsr
                0x000440be                hal_default_svc_vsr
                0x000440cc                hal_usagefault_exception_vsr
                0x000440f4                hal_boot_jump_asm
 .text.on_dwm_evt
                0x000440fc      0x184 D:/khawar/DWM1001_on_board_package_R2.0/dwm/examples/dwm-simple_ranges_allAnID_UPLOAD_jOURNAL/output/compiler/dwm-simple.o
                0x000440fc                on_dwm_evt
 .text.app_thread_entry
                0x00044280      0x190 D:/khawar/DWM1001_on_board_package_R2.0/dwm/examples/dwm-simple_ranges_allAnID_UPLOAD_jOURNAL/output/compiler/dwm-simple.o
                0x00044280                app_thread_entry
 .text.dwm_user_start
                0x00044410       0x5c D:/khawar/DWM1001_on_board_package_R2.0/dwm/examples/dwm-simple_ranges_allAnID_UPLOAD_jOURNAL/output/compiler/dwm-simple.o
                0x00044410                dwm_user_start
 .text.user_thread_create
                0x0004446c       0x84 D:/khawar/DWM1001_on_board_package_R2.0/dwm/examples/dwm-simple_ranges_allAnID_UPLOAD_jOURNAL/../../lib/dwm.o
                0x0004446c                user_thread_create
 .text.user_thread_resume
                0x000444f0       0x38 D:/khawar/DWM1001_on_board_package_R2.0/dwm/examples/dwm-simple_ranges_allAnID_UPLOAD_jOURNAL/../../lib/dwm.o
                0x000444f0                user_thread_resume
 .text.dwm_shell_add_commands
                0x00044528       0x6c D:/khawar/DWM1001_on_board_package_R2.0/dwm/examples/dwm-simple_ranges_allAnID_UPLOAD_jOURNAL/../../lib/dwm.o
                0x00044528                dwm_shell_add_commands
 .text.cyg_user_start
                0x00044594      0x13c D:/khawar/DWM1001_on_board_package_R2.0/dwm/examples/dwm-simple_ranges_allAnID_UPLOAD_jOURNAL/../../lib/dwm.o
                0x00044594                cyg_user_start
 .text.sd_ble_gap_addr_set
                0x000446d0        0x4 D:/khawar/DWM1001_on_board_package_R2.0/dwm/examples/dwm-simple_ranges_allAnID_UPLOAD_jOURNAL/../../lib/libdwm.a(ble-server.o)
 .text.sd_ble_gap_addr_get
                0x000446d4        0x4 D:/khawar/DWM1001_on_board_package_R2.0/dwm/examples/dwm-simple_ranges_allAnID_UPLOAD_jOURNAL/../../lib/libdwm.a(ble-server.o)
 .text.sd_ble_gap_disconnect
                0x000446d8        0x4 D:/khawar/DWM1001_on_board_package_R2.0/dwm/examples/dwm-simple_ranges_allAnID_UPLOAD_jOURNAL/../../lib/libdwm.a(ble-server.o)
 .text.sd_ble_gap_device_name_set
                0x000446dc        0x4 D:/khawar/DWM1001_on_board_package_R2.0/dwm/examples/dwm-simple_ranges_allAnID_UPLOAD_jOURNAL/../../lib/libdwm.a(ble-server.o)
 .text.sd_ble_gatts_service_add
                0x000446e0        0x4 D:/khawar/DWM1001_on_board_package_R2.0/dwm/examples/dwm-simple_ranges_allAnID_UPLOAD_jOURNAL/../../lib/libdwm.a(ble-server.o)
 .text.sd_ble_gatts_characteristic_add
                0x000446e4        0x4 D:/khawar/DWM1001_on_board_package_R2.0/dwm/examples/dwm-simple_ranges_allAnID_UPLOAD_jOURNAL/../../lib/libdwm.a(ble-server.o)
 .text.sd_ble_gatts_value_set
                0x000446e8        0x4 D:/khawar/DWM1001_on_board_package_R2.0/dwm/examples/dwm-simple_ranges_allAnID_UPLOAD_jOURNAL/../../lib/libdwm.a(ble-server.o)
 .text.sd_ble_gatts_value_get
                0x000446ec        0x4 D:/khawar/DWM1001_on_board_package_R2.0/dwm/examples/dwm-simple_ranges_allAnID_UPLOAD_jOURNAL/../../lib/libdwm.a(ble-server.o)
 .text.sd_ble_gatts_hvx
                0x000446f0        0x4 D:/khawar/DWM1001_on_board_package_R2.0/dwm/examples/dwm-simple_ranges_allAnID_UPLOAD_jOURNAL/../../lib/libdwm.a(ble-server.o)
 .text.sd_ble_gatts_exchange_mtu_reply
                0x000446f4        0x4 D:/khawar/DWM1001_on_board_package_R2.0/dwm/examples/dwm-simple_ranges_allAnID_UPLOAD_jOURNAL/../../lib/libdwm.a(ble-server.o)
 .text.sd_ble_tx_packet_count_get
                0x000446f8        0x4 D:/khawar/DWM1001_on_board_package_R2.0/dwm/examples/dwm-simple_ranges_allAnID_UPLOAD_jOURNAL/../../lib/libdwm.a(ble-server.o)
 .text.sd_ble_uuid_vs_add
                0x000446fc        0x4 D:/khawar/DWM1001_on_board_package_R2.0/dwm/examples/dwm-simple_ranges_allAnID_UPLOAD_jOURNAL/../../lib/libdwm.a(ble-server.o)
 .text.NVIC_SystemReset
                0x00044700       0x24 D:/khawar/DWM1001_on_board_package_R2.0/dwm/examples/dwm-simple_ranges_allAnID_UPLOAD_jOURNAL/../../lib/libdwm.a(ble-server.o)
 .text.sd_clock_hfclk_release
                0x00044724        0x4 D:/khawar/DWM1001_on_board_package_R2.0/dwm/examples/dwm-simple_ranges_allAnID_UPLOAD_jOURNAL/../../lib/libdwm.a(ble-server.o)
 .text.sd_clock_hfclk_is_running
                0x00044728        0x4 D:/khawar/DWM1001_on_board_package_R2.0/dwm/examples/dwm-simple_ranges_allAnID_UPLOAD_jOURNAL/../../lib/libdwm.a(ble-server.o)
 .text.sd_softdevice_disable
                0x0004472c        0x4 D:/khawar/DWM1001_on_board_package_R2.0/dwm/examples/dwm-simple_ranges_allAnID_UPLOAD_jOURNAL/../../lib/libdwm.a(ble-server.o)
 .text.conn_params_error_handler
                0x00044730        0x2 D:/khawar/DWM1001_on_board_package_R2.0/dwm/examples/dwm-simple_ranges_allAnID_UPLOAD_jOURNAL/../../lib/libdwm.a(ble-server.o)
 *fill*         0x00044732        0x2 
 .text.opt_flag_set
                0x00044734       0x18 D:/khawar/DWM1001_on_board_package_R2.0/dwm/examples/dwm-simple_ranges_allAnID_UPLOAD_jOURNAL/../../lib/libdwm.a(ble-server.o)
 .text.opt_flag_clear
                0x0004474c       0x18 D:/khawar/DWM1001_on_board_package_R2.0/dwm/examples/dwm-simple_ranges_allAnID_UPLOAD_jOURNAL/../../lib/libdwm.a(ble-server.o)
 .text.ch_read  0x00044764       0x24 D:/khawar/DWM1001_on_board_package_R2.0/dwm/examples/dwm-simple_ranges_allAnID_UPLOAD_jOURNAL/../../lib/libdwm.a(ble-server.o)
 .text.ch_write
                0x00044788       0x16 D:/khawar/DWM1001_on_board_package_R2.0/dwm/examples/dwm-simple_ranges_allAnID_UPLOAD_jOURNAL/../../lib/libdwm.a(ble-server.o)
 *fill*         0x0004479e        0x2 
 .text._ble_mac_stat_set
                0x000447a0       0x40 D:/khawar/DWM1001_on_board_package_R2.0/dwm/examples/dwm-simple_ranges_allAnID_UPLOAD_jOURNAL/../../lib/libdwm.a(ble-server.o)
 .text.advertising_counter_inc
                0x000447e0       0x30 D:/khawar/DWM1001_on_board_package_R2.0/dwm/examples/dwm-simple_ranges_allAnID_UPLOAD_jOURNAL/../../lib/libdwm.a(ble-server.o)
 .text._ble_pan_id_set
                0x00044810       0x38 D:/khawar/DWM1001_on_board_package_R2.0/dwm/examples/dwm-simple_ranges_allAnID_UPLOAD_jOURNAL/../../lib/libdwm.a(ble-server.o)
 .text.ble_pm_suspend
                0x00044848       0x38 D:/khawar/DWM1001_on_board_package_R2.0/dwm/examples/dwm-simple_ranges_allAnID_UPLOAD_jOURNAL/../../lib/libdwm.a(ble-server.o)
 .text.on_advertising_evt
                0x00044880        0x8 D:/khawar/DWM1001_on_board_package_R2.0/dwm/examples/dwm-simple_ranges_allAnID_UPLOAD_jOURNAL/../../lib/libdwm.a(ble-server.o)
 .text._ble_addr_set
                0x00044888       0x18 D:/khawar/DWM1001_on_board_package_R2.0/dwm/examples/dwm-simple_ranges_allAnID_UPLOAD_jOURNAL/../../lib/libdwm.a(ble-server.o)
 .text._add_shell_cmds
                0x000448a0       0x10 D:/khawar/DWM1001_on_board_package_R2.0/dwm/examples/dwm-simple_ranges_allAnID_UPLOAD_jOURNAL/../../lib/libdwm.a(ble-server.o)
 .text.uwbmac_cb
                0x000448b0       0xc8 D:/khawar/DWM1001_on_board_package_R2.0/dwm/examples/dwm-simple_ranges_allAnID_UPLOAD_jOURNAL/../../lib/libdwm.a(ble-server.o)
 .text.ch_notify
                0x00044978       0x44 D:/khawar/DWM1001_on_board_package_R2.0/dwm/examples/dwm-simple_ranges_allAnID_UPLOAD_jOURNAL/../../lib/libdwm.a(ble-server.o)
 .text.fwup_resp_notify
                0x000449bc       0x50 D:/khawar/DWM1001_on_board_package_R2.0/dwm/examples/dwm-simple_ranges_allAnID_UPLOAD_jOURNAL/../../lib/libdwm.a(ble-server.o)
 .text.encode_dist.part.1
                0x00044a0c       0x62 D:/khawar/DWM1001_on_board_package_R2.0/dwm/examples/dwm-simple_ranges_allAnID_UPLOAD_jOURNAL/../../lib/libdwm.a(ble-server.o)
 *fill*         0x00044a6e        0x2 
 .text._ble_proxy_set
                0x00044a70       0x90 D:/khawar/DWM1001_on_board_package_R2.0/dwm/examples/dwm-simple_ranges_allAnID_UPLOAD_jOURNAL/../../lib/libdwm.a(ble-server.o)
                0x00044a70                _ble_proxy_set
 .text._ble_label_set
                0x00044b00       0x30 D:/khawar/DWM1001_on_board_package_R2.0/dwm/examples/dwm-simple_ranges_allAnID_UPLOAD_jOURNAL/../../lib/libdwm.a(ble-server.o)
                0x00044b00                _ble_label_set
 .text._ble_ur_set
                0x00044b30       0x50 D:/khawar/DWM1001_on_board_package_R2.0/dwm/examples/dwm-simple_ranges_allAnID_UPLOAD_jOURNAL/../../lib/libdwm.a(ble-server.o)
 .text.on_conn_params_evt
                0x00044b80       0x68 D:/khawar/DWM1001_on_board_package_R2.0/dwm/examples/dwm-simple_ranges_allAnID_UPLOAD_jOURNAL/../../lib/libdwm.a(ble-server.o)
 .text._ble_an_list_set
                0x00044be8       0x58 D:/khawar/DWM1001_on_board_package_R2.0/dwm/examples/dwm-simple_ranges_allAnID_UPLOAD_jOURNAL/../../lib/libdwm.a(ble-server.o)
 .text._ble_mac_cl_info_set
                0x00044c40       0x48 D:/khawar/DWM1001_on_board_package_R2.0/dwm/examples/dwm-simple_ranges_allAnID_UPLOAD_jOURNAL/../../lib/libdwm.a(ble-server.o)
 .text._ble_addr_get
                0x00044c88       0x48 D:/khawar/DWM1001_on_board_package_R2.0/dwm/examples/dwm-simple_ranges_allAnID_UPLOAD_jOURNAL/../../lib/libdwm.a(ble-server.o)
 .text._ble_stop
                0x00044cd0       0x20 D:/khawar/DWM1001_on_board_package_R2.0/dwm/examples/dwm-simple_ranges_allAnID_UPLOAD_jOURNAL/../../lib/libdwm.a(ble-server.o)
 .text.ble_register_wakeup_button
                0x00044cf0       0x28 D:/khawar/DWM1001_on_board_package_R2.0/dwm/examples/dwm-simple_ranges_allAnID_UPLOAD_jOURNAL/../../lib/libdwm.a(ble-server.o)
 .text._ble_start
                0x00044d18       0x4a D:/khawar/DWM1001_on_board_package_R2.0/dwm/examples/dwm-simple_ranges_allAnID_UPLOAD_jOURNAL/../../lib/libdwm.a(ble-server.o)
 .text.ch_uuid_vs_add.isra.22
                0x00044d62       0xee D:/khawar/DWM1001_on_board_package_R2.0/dwm/examples/dwm-simple_ranges_allAnID_UPLOAD_jOURNAL/../../lib/libdwm.a(ble-server.o)
 .text.on_advertising_error
                0x00044e50        0x2 D:/khawar/DWM1001_on_board_package_R2.0/dwm/examples/dwm-simple_ranges_allAnID_UPLOAD_jOURNAL/../../lib/libdwm.a(ble-server.o)
 .text.gpio_ble_wakeup_intr
                0x00044e52       0x1e D:/khawar/DWM1001_on_board_package_R2.0/dwm/examples/dwm-simple_ranges_allAnID_UPLOAD_jOURNAL/../../lib/libdwm.a(ble-server.o)
 .text.ble_uuid128_service_get
                0x00044e70        0x8 D:/khawar/DWM1001_on_board_package_R2.0/dwm/examples/dwm-simple_ranges_allAnID_UPLOAD_jOURNAL/../../lib/libdwm.a(ble-server.o)
                0x00044e70                ble_uuid128_service_get
 .text.ble_adv_is_enabled
                0x00044e78        0xc D:/khawar/DWM1001_on_board_package_R2.0/dwm/examples/dwm-simple_ranges_allAnID_UPLOAD_jOURNAL/../../lib/libdwm.a(ble-server.o)
                0x00044e78                ble_adv_is_enabled
 .text.ble_add_shell_cmds
                0x00044e84       0x10 D:/khawar/DWM1001_on_board_package_R2.0/dwm/examples/dwm-simple_ranges_allAnID_UPLOAD_jOURNAL/../../lib/libdwm.a(ble-server.o)
                0x00044e84                ble_add_shell_cmds
 .text.ble_start
                0x00044e94       0x10 D:/khawar/DWM1001_on_board_package_R2.0/dwm/examples/dwm-simple_ranges_allAnID_UPLOAD_jOURNAL/../../lib/libdwm.a(ble-server.o)
                0x00044e94                ble_start
 .text.ble_stop
                0x00044ea4       0x10 D:/khawar/DWM1001_on_board_package_R2.0/dwm/examples/dwm-simple_ranges_allAnID_UPLOAD_jOURNAL/../../lib/libdwm.a(ble-server.o)
                0x00044ea4                ble_stop
 .text.ble_req_stop
                0x00044eb4       0x10 D:/khawar/DWM1001_on_board_package_R2.0/dwm/examples/dwm-simple_ranges_allAnID_UPLOAD_jOURNAL/../../lib/libdwm.a(ble-server.o)
                0x00044eb4                ble_req_stop
 .text.ble_stop_is_needed
                0x00044ec4        0xc D:/khawar/DWM1001_on_board_package_R2.0/dwm/examples/dwm-simple_ranges_allAnID_UPLOAD_jOURNAL/../../lib/libdwm.a(ble-server.o)
                0x00044ec4                ble_stop_is_needed
 .text.ble_autosuspend_disable
                0x00044ed0        0xc D:/khawar/DWM1001_on_board_package_R2.0/dwm/examples/dwm-simple_ranges_allAnID_UPLOAD_jOURNAL/../../lib/libdwm.a(ble-server.o)
                0x00044ed0                ble_autosuspend_disable
 .text.ble_autosuspend_enable
                0x00044edc        0xc D:/khawar/DWM1001_on_board_package_R2.0/dwm/examples/dwm-simple_ranges_allAnID_UPLOAD_jOURNAL/../../lib/libdwm.a(ble-server.o)
                0x00044edc                ble_autosuspend_enable
 .text.ble_pos_dist_set
                0x00044ee8      0x15c D:/khawar/DWM1001_on_board_package_R2.0/dwm/examples/dwm-simple_ranges_allAnID_UPLOAD_jOURNAL/../../lib/libdwm.a(ble-server.o)
                0x00044ee8                ble_pos_dist_set
 .text.ble_label_set
                0x00045044       0x10 D:/khawar/DWM1001_on_board_package_R2.0/dwm/examples/dwm-simple_ranges_allAnID_UPLOAD_jOURNAL/../../lib/libdwm.a(ble-server.o)
                0x00045044                ble_label_set
 .text.ble_ur_set
                0x00045054       0x10 D:/khawar/DWM1001_on_board_package_R2.0/dwm/examples/dwm-simple_ranges_allAnID_UPLOAD_jOURNAL/../../lib/libdwm.a(ble-server.o)
                0x00045054                ble_ur_set
 .text.ble_pan_id_set
                0x00045064       0x10 D:/khawar/DWM1001_on_board_package_R2.0/dwm/examples/dwm-simple_ranges_allAnID_UPLOAD_jOURNAL/../../lib/libdwm.a(ble-server.o)
                0x00045064                ble_pan_id_set
 .text.ble_addr_set
                0x00045074       0x14 D:/khawar/DWM1001_on_board_package_R2.0/dwm/examples/dwm-simple_ranges_allAnID_UPLOAD_jOURNAL/../../lib/libdwm.a(ble-server.o)
                0x00045074                ble_addr_set
 .text.ble_addr_get
                0x00045088       0x14 D:/khawar/DWM1001_on_board_package_R2.0/dwm/examples/dwm-simple_ranges_allAnID_UPLOAD_jOURNAL/../../lib/libdwm.a(ble-server.o)
                0x00045088                ble_addr_get
 .text._ble_sys_info
                0x0004509c       0x90 D:/khawar/DWM1001_on_board_package_R2.0/dwm/examples/dwm-simple_ranges_allAnID_UPLOAD_jOURNAL/../../lib/libdwm.a(ble-server.o)
 .text.ble_an_list_set
                0x0004512c       0x10 D:/khawar/DWM1001_on_board_package_R2.0/dwm/examples/dwm-simple_ranges_allAnID_UPLOAD_jOURNAL/../../lib/libdwm.a(ble-server.o)
                0x0004512c                ble_an_list_set
 .text.ble_mac_cl_info_set
                0x0004513c       0x10 D:/khawar/DWM1001_on_board_package_R2.0/dwm/examples/dwm-simple_ranges_allAnID_UPLOAD_jOURNAL/../../lib/libdwm.a(ble-server.o)
                0x0004513c                ble_mac_cl_info_set
 .text.ble_mac_stat_set
                0x0004514c       0x10 D:/khawar/DWM1001_on_board_package_R2.0/dwm/examples/dwm-simple_ranges_allAnID_UPLOAD_jOURNAL/../../lib/libdwm.a(ble-server.o)
                0x0004514c                ble_mac_stat_set
 .text.ble_proxy_set
                0x0004515c       0x14 D:/khawar/DWM1001_on_board_package_R2.0/dwm/examples/dwm-simple_ranges_allAnID_UPLOAD_jOURNAL/../../lib/libdwm.a(ble-server.o)
                0x0004515c                ble_proxy_set
 .text.ble_advertising_enable
                0x00045170       0x60 D:/khawar/DWM1001_on_board_package_R2.0/dwm/examples/dwm-simple_ranges_allAnID_UPLOAD_jOURNAL/../../lib/libdwm.a(ble-server.o)
                0x00045170                ble_advertising_enable
 .text.ble_server_on_ble_evt
                0x000451d0      0x9a4 D:/khawar/DWM1001_on_board_package_R2.0/dwm/examples/dwm-simple_ranges_allAnID_UPLOAD_jOURNAL/../../lib/libdwm.a(ble-server.o)
                0x000451d0                ble_server_on_ble_evt
 .text.ble_sys_info
                0x00045b74       0x10 D:/khawar/DWM1001_on_board_package_R2.0/dwm/examples/dwm-simple_ranges_allAnID_UPLOAD_jOURNAL/../../lib/libdwm.a(ble-server.o)
                0x00045b74                ble_sys_info
 .text.ble_compile
                0x00045b84       0xc0 D:/khawar/DWM1001_on_board_package_R2.0/dwm/examples/dwm-simple_ranges_allAnID_UPLOAD_jOURNAL/../../lib/libdwm.a(ble-server.o)
                0x00045b84                ble_compile
 .text.ble_server_init
                0x00045c44      0x690 D:/khawar/DWM1001_on_board_package_R2.0/dwm/examples/dwm-simple_ranges_allAnID_UPLOAD_jOURNAL/../../lib/libdwm.a(ble-server.o)
                0x00045c44                ble_server_init
 .text.ble_server_uninit
                0x000462d4       0x2c D:/khawar/DWM1001_on_board_package_R2.0/dwm/examples/dwm-simple_ranges_allAnID_UPLOAD_jOURNAL/../../lib/libdwm.a(ble-server.o)
                0x000462d4                ble_server_uninit
 .text.ble_srv_is_notification_enabled
                0x00046300        0x8 D:/khawar/DWM1001_on_board_package_R2.0/dwm/examples/dwm-simple_ranges_allAnID_UPLOAD_jOURNAL/../../lib/libdwm.a(ble_srv_common.o)
                0x00046300                ble_srv_is_notification_enabled
 .text.dw_usec_to_devt
                0x00046308       0x20 D:/khawar/DWM1001_on_board_package_R2.0/dwm/examples/dwm-simple_ranges_allAnID_UPLOAD_jOURNAL/../../lib/libdwm.a(dw1000.o)
                0x00046308                dw_usec_to_devt
 .text.dw_read_sys_time
                0x00046328       0x40 D:/khawar/DWM1001_on_board_package_R2.0/dwm/examples/dwm-simple_ranges_allAnID_UPLOAD_jOURNAL/../../lib/libdwm.a(dw1000.o)
                0x00046328                dw_read_sys_time
 .text.dw_rand  0x00046368       0x18 D:/khawar/DWM1001_on_board_package_R2.0/dwm/examples/dwm-simple_ranges_allAnID_UPLOAD_jOURNAL/../../lib/libdwm.a(dw1000.o)
                0x00046368                dw_rand
 .text.dw_near_timeout
                0x00046380       0x50 D:/khawar/DWM1001_on_board_package_R2.0/dwm/examples/dwm-simple_ranges_allAnID_UPLOAD_jOURNAL/../../lib/libdwm.a(dw1000.o)
                0x00046380                dw_near_timeout
 .text.dw_tx_reset
                0x000463d0       0x3a D:/khawar/DWM1001_on_board_package_R2.0/dwm/examples/dwm-simple_ranges_allAnID_UPLOAD_jOURNAL/../../lib/libdwm.a(dw1000.o)
                0x000463d0                dw_tx_reset
 .text.dw_buf_write
                0x0004640a       0xd4 D:/khawar/DWM1001_on_board_package_R2.0/dwm/examples/dwm-simple_ranges_allAnID_UPLOAD_jOURNAL/../../lib/libdwm.a(dw1000.o)
                0x0004640a                dw_buf_write
 .text.dw_buf_start
                0x000464de       0x90 D:/khawar/DWM1001_on_board_package_R2.0/dwm/examples/dwm-simple_ranges_allAnID_UPLOAD_jOURNAL/../../lib/libdwm.a(dw1000.o)
                0x000464de                dw_buf_start
 .text.dw_buf_await_send
                0x0004656e       0x54 D:/khawar/DWM1001_on_board_package_R2.0/dwm/examples/dwm-simple_ranges_allAnID_UPLOAD_jOURNAL/../../lib/libdwm.a(dw1000.o)
                0x0004656e                dw_buf_await_send
 .text.dw_buf_send
                0x000465c2       0x1e D:/khawar/DWM1001_on_board_package_R2.0/dwm/examples/dwm-simple_ranges_allAnID_UPLOAD_jOURNAL/../../lib/libdwm.a(dw1000.o)
                0x000465c2                dw_buf_send
 .text.dw_rx_on
                0x000465e0       0x20 D:/khawar/DWM1001_on_board_package_R2.0/dwm/examples/dwm-simple_ranges_allAnID_UPLOAD_jOURNAL/../../lib/libdwm.a(dw1000.o)
                0x000465e0                dw_rx_on
 .text.dw_rxto_on
                0x00046600       0x40 D:/khawar/DWM1001_on_board_package_R2.0/dwm/examples/dwm-simple_ranges_allAnID_UPLOAD_jOURNAL/../../lib/libdwm.a(dw1000.o)
                0x00046600                dw_rxto_on
 .text.dw_get_preamble_len
                0x00046640       0x18 D:/khawar/DWM1001_on_board_package_R2.0/dwm/examples/dwm-simple_ranges_allAnID_UPLOAD_jOURNAL/../../lib/libdwm.a(dw1000.o)
                0x00046640                dw_get_preamble_len
 .text.dw_get_frame_len
                0x00046658      0x124 D:/khawar/DWM1001_on_board_package_R2.0/dwm/examples/dwm-simple_ranges_allAnID_UPLOAD_jOURNAL/../../lib/libdwm.a(dw1000.o)
                0x00046658                dw_get_frame_len
 *fill*         0x0004677c        0x4 
 .text.dw_get_qf
                0x00046780      0x16c D:/khawar/DWM1001_on_board_package_R2.0/dwm/examples/dwm-simple_ranges_allAnID_UPLOAD_jOURNAL/../../lib/libdwm.a(dw1000.o)
                0x00046780                dw_get_qf
 *fill*         0x000468ec        0x4 
 .text.dw_get_rssi
                0x000468f0       0xb8 D:/khawar/DWM1001_on_board_package_R2.0/dwm/examples/dwm-simple_ranges_allAnID_UPLOAD_jOURNAL/../../lib/libdwm.a(dw1000.o)
                0x000468f0                dw_get_rssi
 .text.dw_set_ch_cfg
                0x000469a8        0xa D:/khawar/DWM1001_on_board_package_R2.0/dwm/examples/dwm-simple_ranges_allAnID_UPLOAD_jOURNAL/../../lib/libdwm.a(dw1000.o)
                0x000469a8                dw_set_ch_cfg
 .text.dw_set_tx_cfg
                0x000469b2       0x1a D:/khawar/DWM1001_on_board_package_R2.0/dwm/examples/dwm-simple_ranges_allAnID_UPLOAD_jOURNAL/../../lib/libdwm.a(dw1000.o)
                0x000469b2                dw_set_tx_cfg
 .text.dw_set_ant_tx_delay
                0x000469cc        0x8 D:/khawar/DWM1001_on_board_package_R2.0/dwm/examples/dwm-simple_ranges_allAnID_UPLOAD_jOURNAL/../../lib/libdwm.a(dw1000.o)
                0x000469cc                dw_set_ant_tx_delay
 .text.dw_get_temp
                0x000469d4       0x36 D:/khawar/DWM1001_on_board_package_R2.0/dwm/examples/dwm-simple_ranges_allAnID_UPLOAD_jOURNAL/../../lib/libdwm.a(dw1000.o)
                0x000469d4                dw_get_temp
 .text.dw_rsl_workaround
                0x00046a0a       0x1c D:/khawar/DWM1001_on_board_package_R2.0/dwm/examples/dwm-simple_ranges_allAnID_UPLOAD_jOURNAL/../../lib/libdwm.a(dw1000.o)
                0x00046a0a                dw_rsl_workaround
 *fill*         0x00046a26        0x2 
 .text.dw_bw_txpwr_comp
                0x00046a28      0x1f8 D:/khawar/DWM1001_on_board_package_R2.0/dwm/examples/dwm-simple_ranges_allAnID_UPLOAD_jOURNAL/../../lib/libdwm.a(dw1000.o)
                0x00046a28                dw_bw_txpwr_comp
 .text.dw_tx_cb
                0x00046c20       0x7c D:/khawar/DWM1001_on_board_package_R2.0/dwm/examples/dwm-simple_ranges_allAnID_UPLOAD_jOURNAL/../../lib/libdwm.a(dw1000.o)
                0x00046c20                dw_tx_cb
 .text.dw_rx_cb
                0x00046c9c      0x18a D:/khawar/DWM1001_on_board_package_R2.0/dwm/examples/dwm-simple_ranges_allAnID_UPLOAD_jOURNAL/../../lib/libdwm.a(dw1000.o)
                0x00046c9c                dw_rx_cb
 .text.dw_sleep
                0x00046e26       0x54 D:/khawar/DWM1001_on_board_package_R2.0/dwm/examples/dwm-simple_ranges_allAnID_UPLOAD_jOURNAL/../../lib/libdwm.a(dw1000.o)
                0x00046e26                dw_sleep
 .text.dw_rxdata_read
                0x00046e7a       0x10 D:/khawar/DWM1001_on_board_package_R2.0/dwm/examples/dwm-simple_ranges_allAnID_UPLOAD_jOURNAL/../../lib/libdwm.a(dw1000.o)
                0x00046e7a                dw_rxdata_read
 *fill*         0x00046e8a        0x2 
 .text.dw_init  0x00046e8c       0xac D:/khawar/DWM1001_on_board_package_R2.0/dwm/examples/dwm-simple_ranges_allAnID_UPLOAD_jOURNAL/../../lib/libdwm.a(dw1000.o)
                0x00046e8c                dw_init
 .text.dw_set_src_addr
                0x00046f38       0x7a D:/khawar/DWM1001_on_board_package_R2.0/dwm/examples/dwm-simple_ranges_allAnID_UPLOAD_jOURNAL/../../lib/libdwm.a(dw1000.o)
                0x00046f38                dw_set_src_addr
 .text.dw_get_src_addr
                0x00046fb2        0xc D:/khawar/DWM1001_on_board_package_R2.0/dwm/examples/dwm-simple_ranges_allAnID_UPLOAD_jOURNAL/../../lib/libdwm.a(dw1000.o)
                0x00046fb2                dw_get_src_addr
 .text.dw_get_event
                0x00046fbe       0x70 D:/khawar/DWM1001_on_board_package_R2.0/dwm/examples/dwm-simple_ranges_allAnID_UPLOAD_jOURNAL/../../lib/libdwm.a(dw1000.o)
                0x00046fbe                dw_get_event
 *fill*         0x0004702e        0x2 
 .text.uwb_get_if
                0x00047030       0x10 D:/khawar/DWM1001_on_board_package_R2.0/dwm/examples/dwm-simple_ranges_allAnID_UPLOAD_jOURNAL/../../lib/libdwm.a(dw1000.o)
                0x00047030                uwb_get_if
 .text.dw1000_init
                0x00047040       0xd8 D:/khawar/DWM1001_on_board_package_R2.0/dwm/examples/dwm-simple_ranges_allAnID_UPLOAD_jOURNAL/../../lib/libdwm.a(dw1000.o)
                0x00047040                dw1000_init
 .text.dw_dump_cfg
                0x00047118      0x278 D:/khawar/DWM1001_on_board_package_R2.0/dwm/examples/dwm-simple_ranges_allAnID_UPLOAD_jOURNAL/../../lib/libdwm.a(dw1000.o)
                0x00047118                dw_dump_cfg
 .text.uwb_sys_info
                0x00047390      0x100 D:/khawar/DWM1001_on_board_package_R2.0/dwm/examples/dwm-simple_ranges_allAnID_UPLOAD_jOURNAL/../../lib/libdwm.a(dw1000.o)
                0x00047390                uwb_sys_info
 .text.fact     0x00047490       0x12 D:/khawar/DWM1001_on_board_package_R2.0/dwm/examples/dwm-simple_ranges_allAnID_UPLOAD_jOURNAL/../../lib/libdwm.a(dwm-math.o)
                0x00047490                fact
 *fill*         0x000474a2        0x2 
 .text.flog10   0x000474a4       0x28 D:/khawar/DWM1001_on_board_package_R2.0/dwm/examples/dwm-simple_ranges_allAnID_UPLOAD_jOURNAL/../../lib/libdwm.a(dwm-math.o)
                0x000474a4                flog10
 .text.get_dist
                0x000474cc       0xc4 D:/khawar/DWM1001_on_board_package_R2.0/dwm/examples/dwm-simple_ranges_allAnID_UPLOAD_jOURNAL/../../lib/libdwm.a(dwm-math.o)
                0x000474cc                get_dist
 .text.dwm_pm_init
                0x00047590       0x34 D:/khawar/DWM1001_on_board_package_R2.0/dwm/examples/dwm-simple_ranges_allAnID_UPLOAD_jOURNAL/../../lib/libdwm.a(dwm.o)
 .text.uwbmac_cb
                0x000475c4      0x204 D:/khawar/DWM1001_on_board_package_R2.0/dwm/examples/dwm-simple_ranges_allAnID_UPLOAD_jOURNAL/../../lib/libdwm.a(dwm.o)
 .text.dwm_pm_lock
                0x000477c8       0x20 D:/khawar/DWM1001_on_board_package_R2.0/dwm/examples/dwm-simple_ranges_allAnID_UPLOAD_jOURNAL/../../lib/libdwm.a(dwm.o)
 .text.dwm_systime_us_get
                0x000477e8        0x8 D:/khawar/DWM1001_on_board_package_R2.0/dwm/examples/dwm-simple_ranges_allAnID_UPLOAD_jOURNAL/../../lib/libdwm.a(dwm.o)
                0x000477e8                dwm_systime_us_get
 .text.dwm_thread_create
                0x000477f0       0x20 D:/khawar/DWM1001_on_board_package_R2.0/dwm/examples/dwm-simple_ranges_allAnID_UPLOAD_jOURNAL/../../lib/libdwm.a(dwm.o)
                0x000477f0                dwm_thread_create
 .text.dwm_thread_resume
                0x00047810       0x10 D:/khawar/DWM1001_on_board_package_R2.0/dwm/examples/dwm-simple_ranges_allAnID_UPLOAD_jOURNAL/../../lib/libdwm.a(dwm.o)
                0x00047810                dwm_thread_resume
 .text.dwm_i2c_read
                0x00047820       0x5a D:/khawar/DWM1001_on_board_package_R2.0/dwm/examples/dwm-simple_ranges_allAnID_UPLOAD_jOURNAL/../../lib/libdwm.a(dwm.o)
                0x00047820                dwm_i2c_read
 .text.dwm_i2c_write
                0x0004787a       0x5a D:/khawar/DWM1001_on_board_package_R2.0/dwm/examples/dwm-simple_ranges_allAnID_UPLOAD_jOURNAL/../../lib/libdwm.a(dwm.o)
                0x0004787a                dwm_i2c_write
 .text.dwm_cfg_anchor_set
                0x000478d4       0x52 D:/khawar/DWM1001_on_board_package_R2.0/dwm/examples/dwm-simple_ranges_allAnID_UPLOAD_jOURNAL/../../lib/libdwm.a(dwm.o)
                0x000478d4                dwm_cfg_anchor_set
 .text.dwm_cfg_tag_set
                0x00047926       0x66 D:/khawar/DWM1001_on_board_package_R2.0/dwm/examples/dwm-simple_ranges_allAnID_UPLOAD_jOURNAL/../../lib/libdwm.a(dwm.o)
                0x00047926                dwm_cfg_tag_set
 .text.dwm_cfg_get
                0x0004798c       0x72 D:/khawar/DWM1001_on_board_package_R2.0/dwm/examples/dwm-simple_ranges_allAnID_UPLOAD_jOURNAL/../../lib/libdwm.a(dwm.o)
                0x0004798c                dwm_cfg_get
 .text.dwm_stnry_cfg_set
                0x000479fe       0x1c D:/khawar/DWM1001_on_board_package_R2.0/dwm/examples/dwm-simple_ranges_allAnID_UPLOAD_jOURNAL/../../lib/libdwm.a(dwm.o)
                0x000479fe                dwm_stnry_cfg_set
 .text.dwm_pos_set
                0x00047a1a       0x2e D:/khawar/DWM1001_on_board_package_R2.0/dwm/examples/dwm-simple_ranges_allAnID_UPLOAD_jOURNAL/../../lib/libdwm.a(dwm.o)
                0x00047a1a                dwm_pos_set
 .text.dwm_pos_get
                0x00047a48       0x36 D:/khawar/DWM1001_on_board_package_R2.0/dwm/examples/dwm-simple_ranges_allAnID_UPLOAD_jOURNAL/../../lib/libdwm.a(dwm.o)
                0x00047a48                dwm_pos_get
 .text.dwm_upd_rate_set
                0x00047a7e       0x20 D:/khawar/DWM1001_on_board_package_R2.0/dwm/examples/dwm-simple_ranges_allAnID_UPLOAD_jOURNAL/../../lib/libdwm.a(dwm.o)
                0x00047a7e                dwm_upd_rate_set
 .text.dwm_upd_rate_get
                0x00047a9e       0x34 D:/khawar/DWM1001_on_board_package_R2.0/dwm/examples/dwm-simple_ranges_allAnID_UPLOAD_jOURNAL/../../lib/libdwm.a(dwm.o)
                0x00047a9e                dwm_upd_rate_get
 .text.dwm_usr_data_write
                0x00047ad2       0x4c D:/khawar/DWM1001_on_board_package_R2.0/dwm/examples/dwm-simple_ranges_allAnID_UPLOAD_jOURNAL/../../lib/libdwm.a(dwm.o)
                0x00047ad2                dwm_usr_data_write
 .text.dwm_label_read
                0x00047b1e       0x38 D:/khawar/DWM1001_on_board_package_R2.0/dwm/examples/dwm-simple_ranges_allAnID_UPLOAD_jOURNAL/../../lib/libdwm.a(dwm.o)
                0x00047b1e                dwm_label_read
 .text.dwm_nvm_usr_data_get
                0x00047b56       0x2c D:/khawar/DWM1001_on_board_package_R2.0/dwm/examples/dwm-simple_ranges_allAnID_UPLOAD_jOURNAL/../../lib/libdwm.a(dwm.o)
                0x00047b56                dwm_nvm_usr_data_get
 .text.dwm_nvm_usr_data_set
                0x00047b82       0x22 D:/khawar/DWM1001_on_board_package_R2.0/dwm/examples/dwm-simple_ranges_allAnID_UPLOAD_jOURNAL/../../lib/libdwm.a(dwm.o)
                0x00047b82                dwm_nvm_usr_data_set
 .text.dwm_evt_listener_register
                0x00047ba4       0x20 D:/khawar/DWM1001_on_board_package_R2.0/dwm/examples/dwm-simple_ranges_allAnID_UPLOAD_jOURNAL/../../lib/libdwm.a(dwm.o)
                0x00047ba4                dwm_evt_listener_register
 .text.dwm_evt_wait
                0x00047bc4       0x78 D:/khawar/DWM1001_on_board_package_R2.0/dwm/examples/dwm-simple_ranges_allAnID_UPLOAD_jOURNAL/../../lib/libdwm.a(dwm.o)
                0x00047bc4                dwm_evt_wait
 .text.dwm_ble_compile
                0x00047c3c        0x4 D:/khawar/DWM1001_on_board_package_R2.0/dwm/examples/dwm-simple_ranges_allAnID_UPLOAD_jOURNAL/../../lib/libdwm.a(dwm.o)
                0x00047c3c                dwm_ble_compile
 .text.dwm_le_compile
                0x00047c40        0x4 D:/khawar/DWM1001_on_board_package_R2.0/dwm/examples/dwm-simple_ranges_allAnID_UPLOAD_jOURNAL/../../lib/libdwm.a(dwm.o)
                0x00047c40                dwm_le_compile
 .text.dwm_serial_spi_compile
                0x00047c44        0x4 D:/khawar/DWM1001_on_board_package_R2.0/dwm/examples/dwm-simple_ranges_allAnID_UPLOAD_jOURNAL/../../lib/libdwm.a(dwm.o)
                0x00047c44                dwm_serial_spi_compile
 .text.dwm_shell_compile
                0x00047c48        0x4 D:/khawar/DWM1001_on_board_package_R2.0/dwm/examples/dwm-simple_ranges_allAnID_UPLOAD_jOURNAL/../../lib/libdwm.a(dwm.o)
                0x00047c48                dwm_shell_compile
 .text.env_get_end
                0x00047c4c       0x28 D:/khawar/DWM1001_on_board_package_R2.0/dwm/examples/dwm-simple_ranges_allAnID_UPLOAD_jOURNAL/../../lib/libdwm.a(env-tlv.o)
 .text.env_save
                0x00047c74       0x60 D:/khawar/DWM1001_on_board_package_R2.0/dwm/examples/dwm-simple_ranges_allAnID_UPLOAD_jOURNAL/../../lib/libdwm.a(env-tlv.o)
                0x00047c74                env_save
 .text.env_load
                0x00047cd4       0xe4 D:/khawar/DWM1001_on_board_package_R2.0/dwm/examples/dwm-simple_ranges_allAnID_UPLOAD_jOURNAL/../../lib/libdwm.a(env-tlv.o)
                0x00047cd4                env_load
 .text.env_clear
                0x00047db8       0x48 D:/khawar/DWM1001_on_board_package_R2.0/dwm/examples/dwm-simple_ranges_allAnID_UPLOAD_jOURNAL/../../lib/libdwm.a(env-tlv.o)
                0x00047db8                env_clear
 .text.env_get  0x00047e00       0x30 D:/khawar/DWM1001_on_board_package_R2.0/dwm/examples/dwm-simple_ranges_allAnID_UPLOAD_jOURNAL/../../lib/libdwm.a(env-tlv.o)
                0x00047e00                env_get
 .text.env_set  0x00047e30       0xa8 D:/khawar/DWM1001_on_board_package_R2.0/dwm/examples/dwm-simple_ranges_allAnID_UPLOAD_jOURNAL/../../lib/libdwm.a(env-tlv.o)
                0x00047e30                env_set
 .text.fwup_reset
                0x00047ed8        0x8 D:/khawar/DWM1001_on_board_package_R2.0/dwm/examples/dwm-simple_ranges_allAnID_UPLOAD_jOURNAL/../../lib/libdwm.a(fwup.o)
                0x00047ed8                fwup_reset
 .text.fwup_sndr_init
                0x00047ee0       0x6a D:/khawar/DWM1001_on_board_package_R2.0/dwm/examples/dwm-simple_ranges_allAnID_UPLOAD_jOURNAL/../../lib/libdwm.a(fwup.o)
                0x00047ee0                fwup_sndr_init
 .text.fwup_rcvr_in_progress
                0x00047f4a       0x1a D:/khawar/DWM1001_on_board_package_R2.0/dwm/examples/dwm-simple_ranges_allAnID_UPLOAD_jOURNAL/../../lib/libdwm.a(fwup.o)
                0x00047f4a                fwup_rcvr_in_progress
 .text.fwup_rcvr_stop
                0x00047f64       0x16 D:/khawar/DWM1001_on_board_package_R2.0/dwm/examples/dwm-simple_ranges_allAnID_UPLOAD_jOURNAL/../../lib/libdwm.a(fwup.o)
                0x00047f64                fwup_rcvr_stop
 .text.fwup_rcvr_start
                0x00047f7a       0x4c D:/khawar/DWM1001_on_board_package_R2.0/dwm/examples/dwm-simple_ranges_allAnID_UPLOAD_jOURNAL/../../lib/libdwm.a(fwup.o)
                0x00047f7a                fwup_rcvr_start
 .text.fwup_rcvr_rxbuf_space
                0x00047fc6       0x12 D:/khawar/DWM1001_on_board_package_R2.0/dwm/examples/dwm-simple_ranges_allAnID_UPLOAD_jOURNAL/../../lib/libdwm.a(fwup.o)
                0x00047fc6                fwup_rcvr_rxbuf_space
 .text.fwup_rcvr_data_handler
                0x00047fd8       0x60 D:/khawar/DWM1001_on_board_package_R2.0/dwm/examples/dwm-simple_ranges_allAnID_UPLOAD_jOURNAL/../../lib/libdwm.a(fwup.o)
                0x00047fd8                fwup_rcvr_data_handler
 .text.fwup_rcvr_data_write
                0x00048038      0x160 D:/khawar/DWM1001_on_board_package_R2.0/dwm/examples/dwm-simple_ranges_allAnID_UPLOAD_jOURNAL/../../lib/libdwm.a(fwup.o)
                0x00048038                fwup_rcvr_data_write
 .text.fwup_rcvr_is_finished
                0x00048198       0x36 D:/khawar/DWM1001_on_board_package_R2.0/dwm/examples/dwm-simple_ranges_allAnID_UPLOAD_jOURNAL/../../lib/libdwm.a(fwup.o)
                0x00048198                fwup_rcvr_is_finished
 .text.nrf_gpio_pins_toggle
                0x000481ce       0x18 D:/khawar/DWM1001_on_board_package_R2.0/dwm/examples/dwm-simple_ranges_allAnID_UPLOAD_jOURNAL/../../lib/libdwm.a(hal.o)
 .text.sd_rand_application_bytes_available_get
                0x000481e6        0x4 D:/khawar/DWM1001_on_board_package_R2.0/dwm/examples/dwm-simple_ranges_allAnID_UPLOAD_jOURNAL/../../lib/libdwm.a(hal.o)
 .text.sd_rand_application_vector_get
                0x000481ea        0x4 D:/khawar/DWM1001_on_board_package_R2.0/dwm/examples/dwm-simple_ranges_allAnID_UPLOAD_jOURNAL/../../lib/libdwm.a(hal.o)
 .text.sd_clock_hfclk_request
                0x000481ee        0x4 D:/khawar/DWM1001_on_board_package_R2.0/dwm/examples/dwm-simple_ranges_allAnID_UPLOAD_jOURNAL/../../lib/libdwm.a(hal.o)
 .text.sd_clock_hfclk_release
                0x000481f2        0x4 D:/khawar/DWM1001_on_board_package_R2.0/dwm/examples/dwm-simple_ranges_allAnID_UPLOAD_jOURNAL/../../lib/libdwm.a(hal.o)
 .text.sd_app_evt_wait
                0x000481f6        0x4 D:/khawar/DWM1001_on_board_package_R2.0/dwm/examples/dwm-simple_ranges_allAnID_UPLOAD_jOURNAL/../../lib/libdwm.a(hal.o)
 .text.sd_ecb_block_encrypt
                0x000481fa        0x4 D:/khawar/DWM1001_on_board_package_R2.0/dwm/examples/dwm-simple_ranges_allAnID_UPLOAD_jOURNAL/../../lib/libdwm.a(hal.o)
 .text.sd_temp_get
                0x000481fe        0x4 D:/khawar/DWM1001_on_board_package_R2.0/dwm/examples/dwm-simple_ranges_allAnID_UPLOAD_jOURNAL/../../lib/libdwm.a(hal.o)
 .text._led_dummy
                0x00048202        0x2 D:/khawar/DWM1001_on_board_package_R2.0/dwm/examples/dwm-simple_ranges_allAnID_UPLOAD_jOURNAL/../../lib/libdwm.a(hal.o)
 .text._led_orange_on
                0x00048204        0xe D:/khawar/DWM1001_on_board_package_R2.0/dwm/examples/dwm-simple_ranges_allAnID_UPLOAD_jOURNAL/../../lib/libdwm.a(hal.o)
 .text._led_orange_off
                0x00048212        0xe D:/khawar/DWM1001_on_board_package_R2.0/dwm/examples/dwm-simple_ranges_allAnID_UPLOAD_jOURNAL/../../lib/libdwm.a(hal.o)
 .text._led_orange_toggle
                0x00048220        0x8 D:/khawar/DWM1001_on_board_package_R2.0/dwm/examples/dwm-simple_ranges_allAnID_UPLOAD_jOURNAL/../../lib/libdwm.a(hal.o)
 .text._led_red_on
                0x00048228        0xe D:/khawar/DWM1001_on_board_package_R2.0/dwm/examples/dwm-simple_ranges_allAnID_UPLOAD_jOURNAL/../../lib/libdwm.a(hal.o)
 .text._led_red_off
                0x00048236        0xe D:/khawar/DWM1001_on_board_package_R2.0/dwm/examples/dwm-simple_ranges_allAnID_UPLOAD_jOURNAL/../../lib/libdwm.a(hal.o)
 .text._led_red_toggle
                0x00048244        0x8 D:/khawar/DWM1001_on_board_package_R2.0/dwm/examples/dwm-simple_ranges_allAnID_UPLOAD_jOURNAL/../../lib/libdwm.a(hal.o)
 .text._led_green_on
                0x0004824c        0xe D:/khawar/DWM1001_on_board_package_R2.0/dwm/examples/dwm-simple_ranges_allAnID_UPLOAD_jOURNAL/../../lib/libdwm.a(hal.o)
 .text._led_green_off
                0x0004825a        0xe D:/khawar/DWM1001_on_board_package_R2.0/dwm/examples/dwm-simple_ranges_allAnID_UPLOAD_jOURNAL/../../lib/libdwm.a(hal.o)
 .text._led_green_toggle
                0x00048268        0x8 D:/khawar/DWM1001_on_board_package_R2.0/dwm/examples/dwm-simple_ranges_allAnID_UPLOAD_jOURNAL/../../lib/libdwm.a(hal.o)
 .text.wdt_handler
                0x00048270        0x2 D:/khawar/DWM1001_on_board_package_R2.0/dwm/examples/dwm-simple_ranges_allAnID_UPLOAD_jOURNAL/../../lib/libdwm.a(hal.o)
 *fill*         0x00048272        0x2 
 .text.hal_factory_reset
                0x00048274       0x30 D:/khawar/DWM1001_on_board_package_R2.0/dwm/examples/dwm-simple_ranges_allAnID_UPLOAD_jOURNAL/../../lib/libdwm.a(hal.o)
                0x00048274                hal_factory_reset
 .text.is_user_app_pin
                0x000482a4       0x5c D:/khawar/DWM1001_on_board_package_R2.0/dwm/examples/dwm-simple_ranges_allAnID_UPLOAD_jOURNAL/../../lib/libdwm.a(hal.o)
                0x000482a4                is_user_app_pin
 .text.hal_sd_enabled
                0x00048300        0x8 D:/khawar/DWM1001_on_board_package_R2.0/dwm/examples/dwm-simple_ranges_allAnID_UPLOAD_jOURNAL/../../lib/libdwm.a(hal.o)
                0x00048300                hal_sd_enabled
 .text.hal_flash_erase
                0x00048308       0x14 D:/khawar/DWM1001_on_board_package_R2.0/dwm/examples/dwm-simple_ranges_allAnID_UPLOAD_jOURNAL/../../lib/libdwm.a(hal.o)
                0x00048308                hal_flash_erase
 .text.hal_flash_write_page
                0x0004831c        0x6 D:/khawar/DWM1001_on_board_package_R2.0/dwm/examples/dwm-simple_ranges_allAnID_UPLOAD_jOURNAL/../../lib/libdwm.a(hal.o)
                0x0004831c                hal_flash_write_page
 .text.hal_fw_get_chksum
                0x00048322       0x42 D:/khawar/DWM1001_on_board_package_R2.0/dwm/examples/dwm-simple_ranges_allAnID_UPLOAD_jOURNAL/../../lib/libdwm.a(hal.o)
                0x00048322                hal_fw_get_chksum
 .text.hal_fw_is_compat
                0x00048364       0x10 D:/khawar/DWM1001_on_board_package_R2.0/dwm/examples/dwm-simple_ranges_allAnID_UPLOAD_jOURNAL/../../lib/libdwm.a(hal.o)
                0x00048364                hal_fw_is_compat
 .text.hal_time_hfclk_start
                0x00048374       0x1a D:/khawar/DWM1001_on_board_package_R2.0/dwm/examples/dwm-simple_ranges_allAnID_UPLOAD_jOURNAL/../../lib/libdwm.a(hal.o)
                0x00048374                hal_time_hfclk_start
 .text.hal_time_hfclk_stop
                0x0004838e       0x1c D:/khawar/DWM1001_on_board_package_R2.0/dwm/examples/dwm-simple_ranges_allAnID_UPLOAD_jOURNAL/../../lib/libdwm.a(hal.o)
                0x0004838e                hal_time_hfclk_stop
 *fill*         0x000483aa        0x2 
 .text.hal_wdt_app_init
                0x000483ac       0x10 D:/khawar/DWM1001_on_board_package_R2.0/dwm/examples/dwm-simple_ranges_allAnID_UPLOAD_jOURNAL/../../lib/libdwm.a(hal.o)
                0x000483ac                hal_wdt_app_init
 .text.hal_wdt_app_reset
                0x000483bc        0x4 D:/khawar/DWM1001_on_board_package_R2.0/dwm/examples/dwm-simple_ranges_allAnID_UPLOAD_jOURNAL/../../lib/libdwm.a(hal.o)
                0x000483bc                hal_wdt_app_reset
 .text.hal_temp_get
                0x000483c0       0x80 D:/khawar/DWM1001_on_board_package_R2.0/dwm/examples/dwm-simple_ranges_allAnID_UPLOAD_jOURNAL/../../lib/libdwm.a(hal.o)
                0x000483c0                hal_temp_get
 .text.hal_sleep
                0x00048440       0xe4 D:/khawar/DWM1001_on_board_package_R2.0/dwm/examples/dwm-simple_ranges_allAnID_UPLOAD_jOURNAL/../../lib/libdwm.a(hal.o)
                0x00048440                hal_sleep
 .text.hal_uptime
                0x00048524       0x20 D:/khawar/DWM1001_on_board_package_R2.0/dwm/examples/dwm-simple_ranges_allAnID_UPLOAD_jOURNAL/../../lib/libdwm.a(hal.o)
                0x00048524                hal_uptime
 .text.hal_print_ps
                0x00048544       0x80 D:/khawar/DWM1001_on_board_package_R2.0/dwm/examples/dwm-simple_ranges_allAnID_UPLOAD_jOURNAL/../../lib/libdwm.a(hal.o)
                0x00048544                hal_print_ps
 .text.hal_print_free
                0x000485c4       0x50 D:/khawar/DWM1001_on_board_package_R2.0/dwm/examples/dwm-simple_ranges_allAnID_UPLOAD_jOURNAL/../../lib/libdwm.a(hal.o)
                0x000485c4                hal_print_free
 .text.hal_print_uptime
                0x00048614       0xbc D:/khawar/DWM1001_on_board_package_R2.0/dwm/examples/dwm-simple_ranges_allAnID_UPLOAD_jOURNAL/../../lib/libdwm.a(hal.o)
                0x00048614                hal_print_uptime
 .text.hal_print_sys_info
                0x000486d0      0x130 D:/khawar/DWM1001_on_board_package_R2.0/dwm/examples/dwm-simple_ranges_allAnID_UPLOAD_jOURNAL/../../lib/libdwm.a(hal.o)
                0x000486d0                hal_print_sys_info
 .text.hal_critical_region_enter
                0x00048800       0x58 D:/khawar/DWM1001_on_board_package_R2.0/dwm/examples/dwm-simple_ranges_allAnID_UPLOAD_jOURNAL/../../lib/libdwm.a(hal.o)
                0x00048800                hal_critical_region_enter
 .text.hal_critical_region_exit
                0x00048858       0x38 D:/khawar/DWM1001_on_board_package_R2.0/dwm/examples/dwm-simple_ranges_allAnID_UPLOAD_jOURNAL/../../lib/libdwm.a(hal.o)
                0x00048858                hal_critical_region_exit
 .text.leds_enable
                0x00048890       0xbc D:/khawar/DWM1001_on_board_package_R2.0/dwm/examples/dwm-simple_ranges_allAnID_UPLOAD_jOURNAL/../../lib/libdwm.a(hal.o)
                0x00048890                leds_enable
 .text.leds_disable
                0x0004894c       0x74 D:/khawar/DWM1001_on_board_package_R2.0/dwm/examples/dwm-simple_ranges_allAnID_UPLOAD_jOURNAL/../../lib/libdwm.a(hal.o)
                0x0004894c                leds_disable
 .text.hal_crypto_rng_get
                0x000489c0       0xa8 D:/khawar/DWM1001_on_board_package_R2.0/dwm/examples/dwm-simple_ranges_allAnID_UPLOAD_jOURNAL/../../lib/libdwm.a(hal.o)
                0x000489c0                hal_crypto_rng_get
 .text.hal_crypto_set_key
                0x00048a68       0x60 D:/khawar/DWM1001_on_board_package_R2.0/dwm/examples/dwm-simple_ranges_allAnID_UPLOAD_jOURNAL/../../lib/libdwm.a(hal.o)
                0x00048a68                hal_crypto_set_key
 .text.hal_crypto_mac_get
                0x00048ac8      0x128 D:/khawar/DWM1001_on_board_package_R2.0/dwm/examples/dwm-simple_ranges_allAnID_UPLOAD_jOURNAL/../../lib/libdwm.a(hal.o)
                0x00048ac8                hal_crypto_mac_get
 .text.hal_crypto_crypt
                0x00048bf0       0xc8 D:/khawar/DWM1001_on_board_package_R2.0/dwm/examples/dwm-simple_ranges_allAnID_UPLOAD_jOURNAL/../../lib/libdwm.a(hal.o)
                0x00048bf0                hal_crypto_crypt
 .text._read    0x00048cb8        0x8 D:/khawar/DWM1001_on_board_package_R2.0/dwm/examples/dwm-simple_ranges_allAnID_UPLOAD_jOURNAL/../../lib/libdwm.a(hal.o)
                0x00048cb8                _read
 .text._write   0x00048cc0       0x2a D:/khawar/DWM1001_on_board_package_R2.0/dwm/examples/dwm-simple_ranges_allAnID_UPLOAD_jOURNAL/../../lib/libdwm.a(hal.o)
                0x00048cc0                _write
 *fill*         0x00048cea        0x2 
 .text._sbrk    0x00048cec       0x2c D:/khawar/DWM1001_on_board_package_R2.0/dwm/examples/dwm-simple_ranges_allAnID_UPLOAD_jOURNAL/../../lib/libdwm.a(hal.o)
                0x00048cec                _sbrk
 .text.rng_isr  0x00048d18       0x14 D:/khawar/DWM1001_on_board_package_R2.0/dwm/examples/dwm-simple_ranges_allAnID_UPLOAD_jOURNAL/../../lib/libdwm.a(nrf_drv_rng.o)
 .text.rng_start
                0x00048d2c       0x38 D:/khawar/DWM1001_on_board_package_R2.0/dwm/examples/dwm-simple_ranges_allAnID_UPLOAD_jOURNAL/../../lib/libdwm.a(nrf_drv_rng.o)
 .text.nrf_drv_rng_init
                0x00048d64       0x98 D:/khawar/DWM1001_on_board_package_R2.0/dwm/examples/dwm-simple_ranges_allAnID_UPLOAD_jOURNAL/../../lib/libdwm.a(nrf_drv_rng.o)
                0x00048d64                nrf_drv_rng_init
 .text.nrf_drv_rng_bytes_available
                0x00048dfc       0x14 D:/khawar/DWM1001_on_board_package_R2.0/dwm/examples/dwm-simple_ranges_allAnID_UPLOAD_jOURNAL/../../lib/libdwm.a(nrf_drv_rng.o)
                0x00048dfc                nrf_drv_rng_bytes_available
 .text.nrf_drv_rng_rand
                0x00048e10       0x3c D:/khawar/DWM1001_on_board_package_R2.0/dwm/examples/dwm-simple_ranges_allAnID_UPLOAD_jOURNAL/../../lib/libdwm.a(nrf_drv_rng.o)
                0x00048e10                nrf_drv_rng_rand
 .text.RNG_IRQHandler
                0x00048e4c       0x54 D:/khawar/DWM1001_on_board_package_R2.0/dwm/examples/dwm-simple_ranges_allAnID_UPLOAD_jOURNAL/../../lib/libdwm.a(nrf_drv_rng.o)
                0x00048e4c                RNG_IRQHandler
 .text.rng_dsr  0x00048ea0       0x10 D:/khawar/DWM1001_on_board_package_R2.0/dwm/examples/dwm-simple_ranges_allAnID_UPLOAD_jOURNAL/../../lib/libdwm.a(nrf_drv_rng.o)
 .text.pm_can_sleep
                0x00048eb0       0x44 D:/khawar/DWM1001_on_board_package_R2.0/dwm/examples/dwm-simple_ranges_allAnID_UPLOAD_jOURNAL/../../lib/libdwm.a(pm.o)
                0x00048eb0                pm_can_sleep
 .text.pm_task_get_next
                0x00048ef4       0x54 D:/khawar/DWM1001_on_board_package_R2.0/dwm/examples/dwm-simple_ranges_allAnID_UPLOAD_jOURNAL/../../lib/libdwm.a(pm.o)
                0x00048ef4                pm_task_get_next
 .text.pm_sched_signal
                0x00048f48        0xc D:/khawar/DWM1001_on_board_package_R2.0/dwm/examples/dwm-simple_ranges_allAnID_UPLOAD_jOURNAL/../../lib/libdwm.a(pm.o)
                0x00048f48                pm_sched_signal
 .text.pm_sched_wait
                0x00048f54        0xc D:/khawar/DWM1001_on_board_package_R2.0/dwm/examples/dwm-simple_ranges_allAnID_UPLOAD_jOURNAL/../../lib/libdwm.a(pm.o)
                0x00048f54                pm_sched_wait
 .text.pm_task_lock
                0x00048f60       0x26 D:/khawar/DWM1001_on_board_package_R2.0/dwm/examples/dwm-simple_ranges_allAnID_UPLOAD_jOURNAL/../../lib/libdwm.a(pm.o)
                0x00048f60                pm_task_lock
 .text.pm_task_unlock
                0x00048f86       0x2c D:/khawar/DWM1001_on_board_package_R2.0/dwm/examples/dwm-simple_ranges_allAnID_UPLOAD_jOURNAL/../../lib/libdwm.a(pm.o)
                0x00048f86                pm_task_unlock
 *fill*         0x00048fb2        0x2 
 .text.pm_task_unlock_set_alarm
                0x00048fb4       0x98 D:/khawar/DWM1001_on_board_package_R2.0/dwm/examples/dwm-simple_ranges_allAnID_UPLOAD_jOURNAL/../../lib/libdwm.a(pm.o)
                0x00048fb4                pm_task_unlock_set_alarm
 .text.pm_task_wakeup
                0x0004904c        0x4 D:/khawar/DWM1001_on_board_package_R2.0/dwm/examples/dwm-simple_ranges_allAnID_UPLOAD_jOURNAL/../../lib/libdwm.a(pm.o)
                0x0004904c                pm_task_wakeup
 .text.pm_task_alloc
                0x00049050       0x64 D:/khawar/DWM1001_on_board_package_R2.0/dwm/examples/dwm-simple_ranges_allAnID_UPLOAD_jOURNAL/../../lib/libdwm.a(pm.o)
                0x00049050                pm_task_alloc
 .text.pm_task_free
                0x000490b4       0x58 D:/khawar/DWM1001_on_board_package_R2.0/dwm/examples/dwm-simple_ranges_allAnID_UPLOAD_jOURNAL/../../lib/libdwm.a(pm.o)
                0x000490b4                pm_task_free
 .text.pm_init  0x0004910c       0x54 D:/khawar/DWM1001_on_board_package_R2.0/dwm/examples/dwm-simple_ranges_allAnID_UPLOAD_jOURNAL/../../lib/libdwm.a(pm.o)
                0x0004910c                pm_init
 .text.pm_dump  0x00049160       0x84 D:/khawar/DWM1001_on_board_package_R2.0/dwm/examples/dwm-simple_ranges_allAnID_UPLOAD_jOURNAL/../../lib/libdwm.a(pm.o)
                0x00049160                pm_dump
 .text.api_thread_start
                0x000491e4       0x10 D:/khawar/DWM1001_on_board_package_R2.0/dwm/examples/dwm-simple_ranges_allAnID_UPLOAD_jOURNAL/../../lib/libdwm.a(process-api.o)
                0x000491e4                api_thread_start
 .text.api_thread_init
                0x000491f4       0x3c D:/khawar/DWM1001_on_board_package_R2.0/dwm/examples/dwm-simple_ranges_allAnID_UPLOAD_jOURNAL/../../lib/libdwm.a(process-api.o)
                0x000491f4                api_thread_init
 .text.ble_thread_entry
                0x00049230       0x78 D:/khawar/DWM1001_on_board_package_R2.0/dwm/examples/dwm-simple_ranges_allAnID_UPLOAD_jOURNAL/../../lib/libdwm.a(process-ble.o)
 .text.ble_server_evt_put
                0x000492a8       0x1c D:/khawar/DWM1001_on_board_package_R2.0/dwm/examples/dwm-simple_ranges_allAnID_UPLOAD_jOURNAL/../../lib/libdwm.a(process-ble.o)
                0x000492a8                ble_server_evt_put
 .text.ble_server_thread_start
                0x000492c4       0x10 D:/khawar/DWM1001_on_board_package_R2.0/dwm/examples/dwm-simple_ranges_allAnID_UPLOAD_jOURNAL/../../lib/libdwm.a(process-ble.o)
                0x000492c4                ble_server_thread_start
 .text.ble_server_thread_stop
                0x000492d4       0x38 D:/khawar/DWM1001_on_board_package_R2.0/dwm/examples/dwm-simple_ranges_allAnID_UPLOAD_jOURNAL/../../lib/libdwm.a(process-ble.o)
                0x000492d4                ble_server_thread_stop
 .text.ble_server_thread_init
                0x0004930c       0x4c D:/khawar/DWM1001_on_board_package_R2.0/dwm/examples/dwm-simple_ranges_allAnID_UPLOAD_jOURNAL/../../lib/libdwm.a(process-ble.o)
                0x0004930c                ble_server_thread_init
 .text.ble_init_ready
                0x00049358        0xc D:/khawar/DWM1001_on_board_package_R2.0/dwm/examples/dwm-simple_ranges_allAnID_UPLOAD_jOURNAL/../../lib/libdwm.a(process-ble.o)
                0x00049358                ble_init_ready
 .text.le_print_disable
                0x00049364       0x10 D:/khawar/DWM1001_on_board_package_R2.0/dwm/examples/dwm-simple_ranges_allAnID_UPLOAD_jOURNAL/../../lib/libdwm.a(process-le.o)
 .text.nole_thread_entry
                0x00049374      0x2a8 D:/khawar/DWM1001_on_board_package_R2.0/dwm/examples/dwm-simple_ranges_allAnID_UPLOAD_jOURNAL/../../lib/libdwm.a(process-le.o)
 *fill*         0x0004961c        0x4 
 .text.le_thread_entry
                0x00049620      0x48c D:/khawar/DWM1001_on_board_package_R2.0/dwm/examples/dwm-simple_ranges_allAnID_UPLOAD_jOURNAL/../../lib/libdwm.a(process-le.o)
 .text.le_post_loc_data
                0x00049aac       0x60 D:/khawar/DWM1001_on_board_package_R2.0/dwm/examples/dwm-simple_ranges_allAnID_UPLOAD_jOURNAL/../../lib/libdwm.a(process-le.o)
                0x00049aac                le_post_loc_data
 .text.le_init  0x00049b0c       0x7c D:/khawar/DWM1001_on_board_package_R2.0/dwm/examples/dwm-simple_ranges_allAnID_UPLOAD_jOURNAL/../../lib/libdwm.a(process-le.o)
                0x00049b0c                le_init
 .text.le_start
                0x00049b88       0x18 D:/khawar/DWM1001_on_board_package_R2.0/dwm/examples/dwm-simple_ranges_allAnID_UPLOAD_jOURNAL/../../lib/libdwm.a(process-le.o)
                0x00049b88                le_start
 .text.le_post_meas
                0x00049ba0       0x78 D:/khawar/DWM1001_on_board_package_R2.0/dwm/examples/dwm-simple_ranges_allAnID_UPLOAD_jOURNAL/../../lib/libdwm.a(process-le.o)
                0x00049ba0                le_post_meas
 .text.le_pos_get
                0x00049c18       0x64 D:/khawar/DWM1001_on_board_package_R2.0/dwm/examples/dwm-simple_ranges_allAnID_UPLOAD_jOURNAL/../../lib/libdwm.a(process-le.o)
                0x00049c18                le_pos_get
 .text.le_loc_get
                0x00049c7c      0x104 D:/khawar/DWM1001_on_board_package_R2.0/dwm/examples/dwm-simple_ranges_allAnID_UPLOAD_jOURNAL/../../lib/libdwm.a(process-le.o)
                0x00049c7c                le_loc_get
 .text.le_loc_print_toggle
                0x00049d80       0x28 D:/khawar/DWM1001_on_board_package_R2.0/dwm/examples/dwm-simple_ranges_allAnID_UPLOAD_jOURNAL/../../lib/libdwm.a(process-le.o)
                0x00049d80                le_loc_print_toggle
 .text.le_loc_ts_print_toggle
                0x00049da8       0x24 D:/khawar/DWM1001_on_board_package_R2.0/dwm/examples/dwm-simple_ranges_allAnID_UPLOAD_jOURNAL/../../lib/libdwm.a(process-le.o)
                0x00049da8                le_loc_ts_print_toggle
 .text.le_loc_csv_print_toggle
                0x00049dcc       0x28 D:/khawar/DWM1001_on_board_package_R2.0/dwm/examples/dwm-simple_ranges_allAnID_UPLOAD_jOURNAL/../../lib/libdwm.a(process-le.o)
                0x00049dcc                le_loc_csv_print_toggle
 .text.le_loc_csv_ts_print_toggle
                0x00049df4       0x28 D:/khawar/DWM1001_on_board_package_R2.0/dwm/examples/dwm-simple_ranges_allAnID_UPLOAD_jOURNAL/../../lib/libdwm.a(process-le.o)
                0x00049df4                le_loc_csv_ts_print_toggle
 .text.le_pos_csv_print_toggle
                0x00049e1c       0x24 D:/khawar/DWM1001_on_board_package_R2.0/dwm/examples/dwm-simple_ranges_allAnID_UPLOAD_jOURNAL/../../lib/libdwm.a(process-le.o)
                0x00049e1c                le_pos_csv_print_toggle
 .text.le_compile
                0x00049e40       0x18 D:/khawar/DWM1001_on_board_package_R2.0/dwm/examples/dwm-simple_ranges_allAnID_UPLOAD_jOURNAL/../../lib/libdwm.a(process-le.o)
                0x00049e40                le_compile
 .text.pm_thread_entry
                0x00049e58       0x98 D:/khawar/DWM1001_on_board_package_R2.0/dwm/examples/dwm-simple_ranges_allAnID_UPLOAD_jOURNAL/../../lib/libdwm.a(process-pm.o)
 .text.hal_pm_init
                0x00049ef0       0x70 D:/khawar/DWM1001_on_board_package_R2.0/dwm/examples/dwm-simple_ranges_allAnID_UPLOAD_jOURNAL/../../lib/libdwm.a(process-pm.o)
                0x00049ef0                hal_pm_init
 .text.hal_pm_start
                0x00049f60        0xc D:/khawar/DWM1001_on_board_package_R2.0/dwm/examples/dwm-simple_ranges_allAnID_UPLOAD_jOURNAL/../../lib/libdwm.a(process-pm.o)
                0x00049f60                hal_pm_start
 .text.uwb0_recover.part.0
                0x00049f6c       0x1c D:/khawar/DWM1001_on_board_package_R2.0/dwm/examples/dwm-simple_ranges_allAnID_UPLOAD_jOURNAL/../../lib/libdwm.a(process-svc.o)
 .text.svc_thread_entry
                0x00049f88      0x2b0 D:/khawar/DWM1001_on_board_package_R2.0/dwm/examples/dwm-simple_ranges_allAnID_UPLOAD_jOURNAL/../../lib/libdwm.a(process-svc.o)
 .text.svc_init
                0x0004a238       0x3c D:/khawar/DWM1001_on_board_package_R2.0/dwm/examples/dwm-simple_ranges_allAnID_UPLOAD_jOURNAL/../../lib/libdwm.a(process-svc.o)
                0x0004a238                svc_init
 .text.svc_start
                0x0004a274        0xc D:/khawar/DWM1001_on_board_package_R2.0/dwm/examples/dwm-simple_ranges_allAnID_UPLOAD_jOURNAL/../../lib/libdwm.a(process-svc.o)
                0x0004a274                svc_start
 .text.svc_post_event
                0x0004a280       0x64 D:/khawar/DWM1001_on_board_package_R2.0/dwm/examples/dwm-simple_ranges_allAnID_UPLOAD_jOURNAL/../../lib/libdwm.a(process-svc.o)
                0x0004a280                svc_post_event
 .text.svc_suspend
                0x0004a2e4       0x30 D:/khawar/DWM1001_on_board_package_R2.0/dwm/examples/dwm-simple_ranges_allAnID_UPLOAD_jOURNAL/../../lib/libdwm.a(process-svc.o)
                0x0004a2e4                svc_suspend
 .text.svc_resume
                0x0004a314       0x28 D:/khawar/DWM1001_on_board_package_R2.0/dwm/examples/dwm-simple_ranges_allAnID_UPLOAD_jOURNAL/../../lib/libdwm.a(process-svc.o)
                0x0004a314                svc_resume
 .text.uwbmac_wkr_thread_entry
                0x0004a33c       0x1c D:/khawar/DWM1001_on_board_package_R2.0/dwm/examples/dwm-simple_ranges_allAnID_UPLOAD_jOURNAL/../../lib/libdwm.a(process-uwbmac.o)
 .text.uwbmac_thread_entry
                0x0004a358      0x12c D:/khawar/DWM1001_on_board_package_R2.0/dwm/examples/dwm-simple_ranges_allAnID_UPLOAD_jOURNAL/../../lib/libdwm.a(process-uwbmac.o)
 .text.uwbmac_init
                0x0004a484       0x6c D:/khawar/DWM1001_on_board_package_R2.0/dwm/examples/dwm-simple_ranges_allAnID_UPLOAD_jOURNAL/../../lib/libdwm.a(process-uwbmac.o)
                0x0004a484                uwbmac_init
 .text.uwbmac_start
                0x0004a4f0       0x18 D:/khawar/DWM1001_on_board_package_R2.0/dwm/examples/dwm-simple_ranges_allAnID_UPLOAD_jOURNAL/../../lib/libdwm.a(process-uwbmac.o)
                0x0004a4f0                uwbmac_start
 .text.dw_intr  0x0004a508        0xc D:/khawar/DWM1001_on_board_package_R2.0/dwm/examples/dwm-simple_ranges_allAnID_UPLOAD_jOURNAL/../../lib/libdwm.a(process-uwb.o)
                0x0004a508                dw_intr
 .text.uwb_init_uwb0
                0x0004a514      0x42c D:/khawar/DWM1001_on_board_package_R2.0/dwm/examples/dwm-simple_ranges_allAnID_UPLOAD_jOURNAL/../../lib/libdwm.a(process-uwb.o)
                0x0004a514                uwb_init_uwb0
 .text.uwb_thread_entry
                0x0004a940       0xac D:/khawar/DWM1001_on_board_package_R2.0/dwm/examples/dwm-simple_ranges_allAnID_UPLOAD_jOURNAL/../../lib/libdwm.a(process-uwb.o)
 .text.uwb_init
                0x0004a9ec       0x3c D:/khawar/DWM1001_on_board_package_R2.0/dwm/examples/dwm-simple_ranges_allAnID_UPLOAD_jOURNAL/../../lib/libdwm.a(process-uwb.o)
                0x0004a9ec                uwb_init
 .text.uwb_start
                0x0004aa28        0xc D:/khawar/DWM1001_on_board_package_R2.0/dwm/examples/dwm-simple_ranges_allAnID_UPLOAD_jOURNAL/../../lib/libdwm.a(process-uwb.o)
                0x0004aa28                uwb_start
 .text.uwb_init_ready_await
                0x0004aa34       0x18 D:/khawar/DWM1001_on_board_package_R2.0/dwm/examples/dwm-simple_ranges_allAnID_UPLOAD_jOURNAL/../../lib/libdwm.a(process-uwb.o)
                0x0004aa34                uwb_init_ready_await
 .text.uart_timeout_handler
                0x0004aa4c       0x10 D:/khawar/DWM1001_on_board_package_R2.0/dwm/examples/dwm-simple_ranges_allAnID_UPLOAD_jOURNAL/../../lib/libdwm.a(serial.o)
 .text.uart_init
                0x0004aa5c       0x10 D:/khawar/DWM1001_on_board_package_R2.0/dwm/examples/dwm-simple_ranges_allAnID_UPLOAD_jOURNAL/../../lib/libdwm.a(serial.o)
 .text.spis_gpio_set
                0x0004aa6c       0x20 D:/khawar/DWM1001_on_board_package_R2.0/dwm/examples/dwm-simple_ranges_allAnID_UPLOAD_jOURNAL/../../lib/libdwm.a(serial.o)
 .text.spis_init
                0x0004aa8c       0x10 D:/khawar/DWM1001_on_board_package_R2.0/dwm/examples/dwm-simple_ranges_allAnID_UPLOAD_jOURNAL/../../lib/libdwm.a(serial.o)
 .text.pm_serial_suspend
                0x0004aa9c       0x58 D:/khawar/DWM1001_on_board_package_R2.0/dwm/examples/dwm-simple_ranges_allAnID_UPLOAD_jOURNAL/../../lib/libdwm.a(serial.o)
 .text.gpio_wakeup_intr
                0x0004aaf4        0xc D:/khawar/DWM1001_on_board_package_R2.0/dwm/examples/dwm-simple_ranges_allAnID_UPLOAD_jOURNAL/../../lib/libdwm.a(serial.o)
 .text._serial_status_change_ntfy
                0x0004ab00       0x3c D:/khawar/DWM1001_on_board_package_R2.0/dwm/examples/dwm-simple_ranges_allAnID_UPLOAD_jOURNAL/../../lib/libdwm.a(serial.o)
 .text._serial_start
                0x0004ab3c       0x1c D:/khawar/DWM1001_on_board_package_R2.0/dwm/examples/dwm-simple_ranges_allAnID_UPLOAD_jOURNAL/../../lib/libdwm.a(serial.o)
 .text._on_spis_evt
                0x0004ab58       0x78 D:/khawar/DWM1001_on_board_package_R2.0/dwm/examples/dwm-simple_ranges_allAnID_UPLOAD_jOURNAL/../../lib/libdwm.a(serial.o)
 .text.spis_api_cb
                0x0004abd0       0x60 D:/khawar/DWM1001_on_board_package_R2.0/dwm/examples/dwm-simple_ranges_allAnID_UPLOAD_jOURNAL/../../lib/libdwm.a(serial.o)
 .text._spis_init
                0x0004ac30       0x2c D:/khawar/DWM1001_on_board_package_R2.0/dwm/examples/dwm-simple_ranges_allAnID_UPLOAD_jOURNAL/../../lib/libdwm.a(serial.o)
 .text._serial_sleep
                0x0004ac5c       0x1c D:/khawar/DWM1001_on_board_package_R2.0/dwm/examples/dwm-simple_ranges_allAnID_UPLOAD_jOURNAL/../../lib/libdwm.a(serial.o)
 .text.spis_event_handler
                0x0004ac78      0x1d0 D:/khawar/DWM1001_on_board_package_R2.0/dwm/examples/dwm-simple_ranges_allAnID_UPLOAD_jOURNAL/../../lib/libdwm.a(serial.o)
 .text.serial_sleep
                0x0004ae48       0x10 D:/khawar/DWM1001_on_board_package_R2.0/dwm/examples/dwm-simple_ranges_allAnID_UPLOAD_jOURNAL/../../lib/libdwm.a(serial.o)
                0x0004ae48                serial_sleep
 .text.serial_uart_reinit
                0x0004ae58       0x10 D:/khawar/DWM1001_on_board_package_R2.0/dwm/examples/dwm-simple_ranges_allAnID_UPLOAD_jOURNAL/../../lib/libdwm.a(serial.o)
                0x0004ae58                serial_uart_reinit
 .text.serial_status_change_ntfy
                0x0004ae68       0x10 D:/khawar/DWM1001_on_board_package_R2.0/dwm/examples/dwm-simple_ranges_allAnID_UPLOAD_jOURNAL/../../lib/libdwm.a(serial.o)
                0x0004ae68                serial_status_change_ntfy
 .text.serial_thread_entry
                0x0004ae78      0x168 D:/khawar/DWM1001_on_board_package_R2.0/dwm/examples/dwm-simple_ranges_allAnID_UPLOAD_jOURNAL/../../lib/libdwm.a(serial.o)
                0x0004ae78                serial_thread_entry
 .text.serial_start
                0x0004afe0       0x10 D:/khawar/DWM1001_on_board_package_R2.0/dwm/examples/dwm-simple_ranges_allAnID_UPLOAD_jOURNAL/../../lib/libdwm.a(serial.o)
                0x0004afe0                serial_start
 .text.serial_compile_spi
                0x0004aff0       0x58 D:/khawar/DWM1001_on_board_package_R2.0/dwm/examples/dwm-simple_ranges_allAnID_UPLOAD_jOURNAL/../../lib/libdwm.a(serial.o)
                0x0004aff0                serial_compile_spi
 .text.serial_is_uart_compiled
                0x0004b048        0xc D:/khawar/DWM1001_on_board_package_R2.0/dwm/examples/dwm-simple_ranges_allAnID_UPLOAD_jOURNAL/../../lib/libdwm.a(serial.o)
                0x0004b048                serial_is_uart_compiled
 .text.serial_is_compiled
                0x0004b054        0xc D:/khawar/DWM1001_on_board_package_R2.0/dwm/examples/dwm-simple_ranges_allAnID_UPLOAD_jOURNAL/../../lib/libdwm.a(serial.o)
                0x0004b054                serial_is_compiled
 .text.cmd_enc_key_clear
                0x0004b060       0x34 D:/khawar/DWM1001_on_board_package_R2.0/dwm/examples/dwm-simple_ranges_allAnID_UPLOAD_jOURNAL/../../lib/libdwm.a(shell-api.o)
                0x0004b060                cmd_enc_key_clear
 .text.cmd_nvm_usr_data_clear
                0x0004b094       0x38 D:/khawar/DWM1001_on_board_package_R2.0/dwm/examples/dwm-simple_ranges_allAnID_UPLOAD_jOURNAL/../../lib/libdwm.a(shell-api.o)
 .text.cmd_nvm_usr_data_set
                0x0004b0cc       0xb8 D:/khawar/DWM1001_on_board_package_R2.0/dwm/examples/dwm-simple_ranges_allAnID_UPLOAD_jOURNAL/../../lib/libdwm.a(shell-api.o)
 .text.cmd_tlv  0x0004b184       0xb0 D:/khawar/DWM1001_on_board_package_R2.0/dwm/examples/dwm-simple_ranges_allAnID_UPLOAD_jOURNAL/../../lib/libdwm.a(shell-api.o)
 .text.api_cb   0x0004b234       0x44 D:/khawar/DWM1001_on_board_package_R2.0/dwm/examples/dwm-simple_ranges_allAnID_UPLOAD_jOURNAL/../../lib/libdwm.a(shell-api.o)
 .text.cmd_enc_key_set
                0x0004b278       0x94 D:/khawar/DWM1001_on_board_package_R2.0/dwm/examples/dwm-simple_ranges_allAnID_UPLOAD_jOURNAL/../../lib/libdwm.a(shell-api.o)
                0x0004b278                cmd_enc_key_set
 .text.cmd_nvm_usr_data_get
                0x0004b30c       0x64 D:/khawar/DWM1001_on_board_package_R2.0/dwm/examples/dwm-simple_ranges_allAnID_UPLOAD_jOURNAL/../../lib/libdwm.a(shell-api.o)
 .text.cmd_cfg_tn_set
                0x0004b370      0x120 D:/khawar/DWM1001_on_board_package_R2.0/dwm/examples/dwm-simple_ranges_allAnID_UPLOAD_jOURNAL/../../lib/libdwm.a(shell-api.o)
 .text.cmd_cfg_an_set
                0x0004b490       0xf4 D:/khawar/DWM1001_on_board_package_R2.0/dwm/examples/dwm-simple_ranges_allAnID_UPLOAD_jOURNAL/../../lib/libdwm.a(shell-api.o)
 .text.cmd_pos_set
                0x0004b584       0x88 D:/khawar/DWM1001_on_board_package_R2.0/dwm/examples/dwm-simple_ranges_allAnID_UPLOAD_jOURNAL/../../lib/libdwm.a(shell-api.o)
 .text.cmd_pos_get
                0x0004b60c       0x48 D:/khawar/DWM1001_on_board_package_R2.0/dwm/examples/dwm-simple_ranges_allAnID_UPLOAD_jOURNAL/../../lib/libdwm.a(shell-api.o)
 .text.cmd_ur_get
                0x0004b654       0x4c D:/khawar/DWM1001_on_board_package_R2.0/dwm/examples/dwm-simple_ranges_allAnID_UPLOAD_jOURNAL/../../lib/libdwm.a(shell-api.o)
 .text.cmd_ur_set
                0x0004b6a0       0x7c D:/khawar/DWM1001_on_board_package_R2.0/dwm/examples/dwm-simple_ranges_allAnID_UPLOAD_jOURNAL/../../lib/libdwm.a(shell-api.o)
 .text.cmd_ble_disable
                0x0004b71c        0x4 D:/khawar/DWM1001_on_board_package_R2.0/dwm/examples/dwm-simple_ranges_allAnID_UPLOAD_jOURNAL/../../lib/libdwm.a(shell-ble.o)
 .text.cmd_ble_enable
                0x0004b720       0x10 D:/khawar/DWM1001_on_board_package_R2.0/dwm/examples/dwm-simple_ranges_allAnID_UPLOAD_jOURNAL/../../lib/libdwm.a(shell-ble.o)
 .text.cmd_ble_addr_get
                0x0004b730        0x4 D:/khawar/DWM1001_on_board_package_R2.0/dwm/examples/dwm-simple_ranges_allAnID_UPLOAD_jOURNAL/../../lib/libdwm.a(shell-ble.o)
 .text.cmd_ble_addr_set
                0x0004b734       0x50 D:/khawar/DWM1001_on_board_package_R2.0/dwm/examples/dwm-simple_ranges_allAnID_UPLOAD_jOURNAL/../../lib/libdwm.a(shell-ble.o)
 .text.cmd_le_show_loc
                0x0004b784       0x2c D:/khawar/DWM1001_on_board_package_R2.0/dwm/examples/dwm-simple_ranges_allAnID_UPLOAD_jOURNAL/../../lib/libdwm.a(shell-le.o)
                0x0004b784                cmd_le_show_loc
 .text.cmd_le_show_loc_csv
                0x0004b7b0       0x2c D:/khawar/DWM1001_on_board_package_R2.0/dwm/examples/dwm-simple_ranges_allAnID_UPLOAD_jOURNAL/../../lib/libdwm.a(shell-le.o)
                0x0004b7b0                cmd_le_show_loc_csv
 .text.cmd_le_show_pos_csv